[acquire] D:\Dav\CodeHub\Agent\male-fruit-fly-brain-map\viz\export_data.py --regions visual_bilateral,ol_rest,central_brain,olfactory --visual-input dark --chem-input mmn_match --t-end 3600.0 --seed 62 --out D:\Dav\CodeHub\Agent\male-fruit-fly-brain-map\bci\mmdev2\outputs\_trial_std_off_r0 --gpu
circuit cache: HIT circuit-693698e48fa257ee3380.npz (1.9 s)
regions: ON  = visual_bilateral, ol_rest, central_brain, olfactory
regions: OFF = audition, gustatory, proprioception, thermal, touch, vnc, vpn_central   <-- pass --regions to enable
kernel cache: HIT kernels-b00add889a9492c797e9.npz (1.4 s)
visual input: dark -> 1 frames @ 60.0 fps, 3377 photoreceptors sampled
chem: ORN[ORN_DA1] -> 204 neurons (ORN_DA1), 150 pA x 1 pulses
chem: ORN[ORN_DA1] -> 204 neurons (ORN_DA1), 150 pA x 1 pulses
chem: ORN[ORN_DA1] -> 204 neurons (ORN_DA1), 150 pA x 1 pulses
chem: ORN[ORN_DA1] -> 204 neurons (ORN_DA1), 150 pA x 1 pulses
chem: ORN[ORN_DA1] -> 204 neurons (ORN_DA1), 150 pA x 1 pulses
chem: ORN[ORN_DM2] -> 54 neurons (ORN_DM2), 150 pA x 1 pulses
chem: ORN[ORN_DA1] -> 204 neurons (ORN_DA1), 150 pA x 1 pulses
chem calibration: CEN_C recurrence gain -> 0.002 (chem-run working point, exp019)
simulating 3.6 s ...
GPU forward buffers: 256 records, 1330 MB on device
biology loop: 37 s (3600 records)
phi_scalp checksum: L2=2.589772e-04 (baseline A/B file: D:\Dav\CodeHub\Agent\male-fruit-fly-brain-map\bci\mmdev2\outputs\_trial_std_off_r0\_debug_phi_scalp.npy)
stim view frames: D:\Dav\CodeHub\Agent\male-fruit-fly-brain-map\bci\mmdev2\outputs\_trial_std_off_r0\stim_frames.bin (0.0 MB)
wrote D:\Dav\CodeHub\Agent\male-fruit-fly-brain-map\bci\mmdev2\outputs\_trial_std_off_r0\viz_data.json (4.5 MB)
[acquire] D:\Dav\CodeHub\Agent\male-fruit-fly-brain-map\viz\export_data.py --regions visual_bilateral,ol_rest,central_brain,olfactory --visual-input dark --chem-input mmn_match --t-end 3600.0 --seed 63 --out D:\Dav\CodeHub\Agent\male-fruit-fly-brain-map\bci\mmdev2\outputs\_trial_std_off_r1 --gpu
circuit cache: HIT circuit-693698e48fa257ee3380.npz (0.9 s)
regions: ON  = visual_bilateral, ol_rest, central_brain, olfactory
regions: OFF = audition, gustatory, proprioception, thermal, touch, vnc, vpn_central   <-- pass --regions to enable
kernel cache: HIT kernels-b00add889a9492c797e9.npz (0.1 s)
visual input: dark -> 1 frames @ 60.0 fps, 3377 photoreceptors sampled
chem: ORN[ORN_DA1] -> 204 neurons (ORN_DA1), 150 pA x 1 pulses
chem: ORN[ORN_DA1] -> 204 neurons (ORN_DA1), 150 pA x 1 pulses
chem: ORN[ORN_DA1] -> 204 neurons (ORN_DA1), 150 pA x 1 pulses
chem: ORN[ORN_DA1] -> 204 neurons (ORN_DA1), 150 pA x 1 pulses
chem: ORN[ORN_DA1] -> 204 neurons (ORN_DA1), 150 pA x 1 pulses
chem: ORN[ORN_DM2] -> 54 neurons (ORN_DM2), 150 pA x 1 pulses
chem: ORN[ORN_DA1] -> 204 neurons (ORN_DA1), 150 pA x 1 pulses
chem calibration: CEN_C recurrence gain -> 0.002 (chem-run working point, exp019)
simulating 3.6 s ...
GPU forward buffers: 256 records, 1330 MB on device
biology loop: 37 s (3600 records)
phi_scalp checksum: L2=2.580163e-04 (baseline A/B file: D:\Dav\CodeHub\Agent\male-fruit-fly-brain-map\bci\mmdev2\outputs\_trial_std_off_r1\_debug_phi_scalp.npy)
stim view frames: D:\Dav\CodeHub\Agent\male-fruit-fly-brain-map\bci\mmdev2\outputs\_trial_std_off_r1\stim_frames.bin (0.0 MB)
wrote D:\Dav\CodeHub\Agent\male-fruit-fly-brain-map\bci\mmdev2\outputs\_trial_std_off_r1\viz_data.json (4.5 MB)
[acquire] D:\Dav\CodeHub\Agent\male-fruit-fly-brain-map\viz\export_data.py --regions visual_bilateral,ol_rest,central_brain,olfactory --visual-input dark --chem-input mmn_match --t-end 3600.0 --seed 64 --out D:\Dav\CodeHub\Agent\male-fruit-fly-brain-map\bci\mmdev2\outputs\_trial_std_off_r2 --gpu
circuit cache: HIT circuit-693698e48fa257ee3380.npz (0.9 s)
regions: ON  = visual_bilateral, ol_rest, central_brain, olfactory
regions: OFF = audition, gustatory, proprioception, thermal, touch, vnc, vpn_central   <-- pass --regions to enable
kernel cache: HIT kernels-b00add889a9492c797e9.npz (0.1 s)
visual input: dark -> 1 frames @ 60.0 fps, 3377 photoreceptors sampled
chem: ORN[ORN_DA1] -> 204 neurons (ORN_DA1), 150 pA x 1 pulses
chem: ORN[ORN_DA1] -> 204 neurons (ORN_DA1), 150 pA x 1 pulses
chem: ORN[ORN_DA1] -> 204 neurons (ORN_DA1), 150 pA x 1 pulses
chem: ORN[ORN_DA1] -> 204 neurons (ORN_DA1), 150 pA x 1 pulses
chem: ORN[ORN_DA1] -> 204 neurons (ORN_DA1), 150 pA x 1 pulses
chem: ORN[ORN_DM2] -> 54 neurons (ORN_DM2), 150 pA x 1 pulses
chem: ORN[ORN_DA1] -> 204 neurons (ORN_DA1), 150 pA x 1 pulses
chem calibration: CEN_C recurrence gain -> 0.002 (chem-run working point, exp019)
simulating 3.6 s ...
GPU forward buffers: 256 records, 1330 MB on device
biology loop: 37 s (3600 records)
phi_scalp checksum: L2=2.582802e-04 (baseline A/B file: D:\Dav\CodeHub\Agent\male-fruit-fly-brain-map\bci\mmdev2\outputs\_trial_std_off_r2\_debug_phi_scalp.npy)
stim view frames: D:\Dav\CodeHub\Agent\male-fruit-fly-brain-map\bci\mmdev2\outputs\_trial_std_off_r2\stim_frames.bin (0.0 MB)
wrote D:\Dav\CodeHub\Agent\male-fruit-fly-brain-map\bci\mmdev2\outputs\_trial_std_off_r2\viz_data.json (4.5 MB)
[acquire] D:\Dav\CodeHub\Agent\male-fruit-fly-brain-map\viz\export_data.py --regions visual_bilateral,ol_rest,central_brain,olfactory --visual-input dark --chem-input mmn_match --t-end 3600.0 --seed 65 --out D:\Dav\CodeHub\Agent\male-fruit-fly-brain-map\bci\mmdev2\outputs\_trial_std_off_r3 --gpu
circuit cache: HIT circuit-693698e48fa257ee3380.npz (0.9 s)
regions: ON  = visual_bilateral, ol_rest, central_brain, olfactory
regions: OFF = audition, gustatory, proprioception, thermal, touch, vnc, vpn_central   <-- pass --regions to enable
kernel cache: HIT kernels-b00add889a9492c797e9.npz (0.1 s)
visual input: dark -> 1 frames @ 60.0 fps, 3377 photoreceptors sampled
chem: ORN[ORN_DA1] -> 204 neurons (ORN_DA1), 150 pA x 1 pulses
chem: ORN[ORN_DA1] -> 204 neurons (ORN_DA1), 150 pA x 1 pulses
chem: ORN[ORN_DA1] -> 204 neurons (ORN_DA1), 150 pA x 1 pulses
chem: ORN[ORN_DA1] -> 204 neurons (ORN_DA1), 150 pA x 1 pulses
chem: ORN[ORN_DA1] -> 204 neurons (ORN_DA1), 150 pA x 1 pulses
chem: ORN[ORN_DM2] -> 54 neurons (ORN_DM2), 150 pA x 1 pulses
chem: ORN[ORN_DA1] -> 204 neurons (ORN_DA1), 150 pA x 1 pulses
chem calibration: CEN_C recurrence gain -> 0.002 (chem-run working point, exp019)
simulating 3.6 s ...
GPU forward buffers: 256 records, 1330 MB on device
biology loop: 38 s (3600 records)
phi_scalp checksum: L2=2.574892e-04 (baseline A/B file: D:\Dav\CodeHub\Agent\male-fruit-fly-brain-map\bci\mmdev2\outputs\_trial_std_off_r3\_debug_phi_scalp.npy)
stim view frames: D:\Dav\CodeHub\Agent\male-fruit-fly-brain-map\bci\mmdev2\outputs\_trial_std_off_r3\stim_frames.bin (0.0 MB)
wrote D:\Dav\CodeHub\Agent\male-fruit-fly-brain-map\bci\mmdev2\outputs\_trial_std_off_r3\viz_data.json (4.5 MB)
[acquire] D:\Dav\CodeHub\Agent\male-fruit-fly-brain-map\viz\export_data.py --std-gates ORN_C:0.05,600 --regions visual_bilateral,ol_rest,central_brain,olfactory --visual-input dark --chem-input mmn_match --t-end 3600.0 --seed 66 --out D:\Dav\CodeHub\Agent\male-fruit-fly-brain-map\bci\mmdev2\outputs\_trial_std_on_u0.05_r0 --gpu
circuit cache: HIT circuit-693698e48fa257ee3380.npz (0.9 s)
regions: ON  = visual_bilateral, ol_rest, central_brain, olfactory
regions: OFF = audition, gustatory, proprioception, thermal, touch, vnc, vpn_central   <-- pass --regions to enable
kernel cache: HIT kernels-b00add889a9492c797e9.npz (0.1 s)
visual input: dark -> 1 frames @ 60.0 fps, 3377 photoreceptors sampled
std gate: ORN_C U=0.05 tau_rec=600 ms
chem: ORN[ORN_DA1] -> 204 neurons (ORN_DA1), 150 pA x 1 pulses
chem: ORN[ORN_DA1] -> 204 neurons (ORN_DA1), 150 pA x 1 pulses
chem: ORN[ORN_DA1] -> 204 neurons (ORN_DA1), 150 pA x 1 pulses
chem: ORN[ORN_DA1] -> 204 neurons (ORN_DA1), 150 pA x 1 pulses
chem: ORN[ORN_DA1] -> 204 neurons (ORN_DA1), 150 pA x 1 pulses
chem: ORN[ORN_DM2] -> 54 neurons (ORN_DM2), 150 pA x 1 pulses
chem: ORN[ORN_DA1] -> 204 neurons (ORN_DA1), 150 pA x 1 pulses
chem calibration: CEN_C recurrence gain -> 0.002 (chem-run working point, exp019)
simulating 3.6 s ...
GPU forward buffers: 256 records, 1330 MB on device
std debug ORN_C: d mean 0.9881 min 0.8445 frac<0.5 0.000
biology loop: 36 s (3600 records)
phi_scalp checksum: L2=2.588348e-04 (baseline A/B file: D:\Dav\CodeHub\Agent\male-fruit-fly-brain-map\bci\mmdev2\outputs\_trial_std_on_u0.05_r0\_debug_phi_scalp.npy)
stim view frames: D:\Dav\CodeHub\Agent\male-fruit-fly-brain-map\bci\mmdev2\outputs\_trial_std_on_u0.05_r0\stim_frames.bin (0.0 MB)
wrote D:\Dav\CodeHub\Agent\male-fruit-fly-brain-map\bci\mmdev2\outputs\_trial_std_on_u0.05_r0\viz_data.json (4.5 MB)
[acquire] D:\Dav\CodeHub\Agent\male-fruit-fly-brain-map\viz\export_data.py --std-gates ORN_C:0.05,600 --regions visual_bilateral,ol_rest,central_brain,olfactory --visual-input dark --chem-input mmn_match --t-end 3600.0 --seed 67 --out D:\Dav\CodeHub\Agent\male-fruit-fly-brain-map\bci\mmdev2\outputs\_trial_std_on_u0.05_r1 --gpu
circuit cache: HIT circuit-693698e48fa257ee3380.npz (0.9 s)
regions: ON  = visual_bilateral, ol_rest, central_brain, olfactory
regions: OFF = audition, gustatory, proprioception, thermal, touch, vnc, vpn_central   <-- pass --regions to enable
kernel cache: HIT kernels-b00add889a9492c797e9.npz (0.1 s)
visual input: dark -> 1 frames @ 60.0 fps, 3377 photoreceptors sampled
std gate: ORN_C U=0.05 tau_rec=600 ms
chem: ORN[ORN_DA1] -> 204 neurons (ORN_DA1), 150 pA x 1 pulses
chem: ORN[ORN_DA1] -> 204 neurons (ORN_DA1), 150 pA x 1 pulses
chem: ORN[ORN_DA1] -> 204 neurons (ORN_DA1), 150 pA x 1 pulses
chem: ORN[ORN_DA1] -> 204 neurons (ORN_DA1), 150 pA x 1 pulses
chem: ORN[ORN_DA1] -> 204 neurons (ORN_DA1), 150 pA x 1 pulses
chem: ORN[ORN_DM2] -> 54 neurons (ORN_DM2), 150 pA x 1 pulses
chem: ORN[ORN_DA1] -> 204 neurons (ORN_DA1), 150 pA x 1 pulses
chem calibration: CEN_C recurrence gain -> 0.002 (chem-run working point, exp019)
simulating 3.6 s ...
GPU forward buffers: 256 records, 1330 MB on device
std debug ORN_C: d mean 0.9882 min 0.8502 frac<0.5 0.000
biology loop: 36 s (3600 records)
phi_scalp checksum: L2=2.576929e-04 (baseline A/B file: D:\Dav\CodeHub\Agent\male-fruit-fly-brain-map\bci\mmdev2\outputs\_trial_std_on_u0.05_r1\_debug_phi_scalp.npy)
stim view frames: D:\Dav\CodeHub\Agent\male-fruit-fly-brain-map\bci\mmdev2\outputs\_trial_std_on_u0.05_r1\stim_frames.bin (0.0 MB)
wrote D:\Dav\CodeHub\Agent\male-fruit-fly-brain-map\bci\mmdev2\outputs\_trial_std_on_u0.05_r1\viz_data.json (4.5 MB)
[acquire] D:\Dav\CodeHub\Agent\male-fruit-fly-brain-map\viz\export_data.py --std-gates ORN_C:0.05,600 --regions visual_bilateral,ol_rest,central_brain,olfactory --visual-input dark --chem-input mmn_match --t-end 3600.0 --seed 68 --out D:\Dav\CodeHub\Agent\male-fruit-fly-brain-map\bci\mmdev2\outputs\_trial_std_on_u0.05_r2 --gpu
circuit cache: HIT circuit-693698e48fa257ee3380.npz (0.9 s)
regions: ON  = visual_bilateral, ol_rest, central_brain, olfactory
regions: OFF = audition, gustatory, proprioception, thermal, touch, vnc, vpn_central   <-- pass --regions to enable
kernel cache: HIT kernels-b00add889a9492c797e9.npz (0.1 s)
visual input: dark -> 1 frames @ 60.0 fps, 3377 photoreceptors sampled
std gate: ORN_C U=0.05 tau_rec=600 ms
chem: ORN[ORN_DA1] -> 204 neurons (ORN_DA1), 150 pA x 1 pulses
chem: ORN[ORN_DA1] -> 204 neurons (ORN_DA1), 150 pA x 1 pulses
chem: ORN[ORN_DA1] -> 204 neurons (ORN_DA1), 150 pA x 1 pulses
chem: ORN[ORN_DA1] -> 204 neurons (ORN_DA1), 150 pA x 1 pulses
chem: ORN[ORN_DA1] -> 204 neurons (ORN_DA1), 150 pA x 1 pulses
chem: ORN[ORN_DM2] -> 54 neurons (ORN_DM2), 150 pA x 1 pulses
chem: ORN[ORN_DA1] -> 204 neurons (ORN_DA1), 150 pA x 1 pulses
chem calibration: CEN_C recurrence gain -> 0.002 (chem-run working point, exp019)
simulating 3.6 s ...
GPU forward buffers: 256 records, 1330 MB on device
std debug ORN_C: d mean 0.9884 min 0.8464 frac<0.5 0.000
biology loop: 36 s (3600 records)
phi_scalp checksum: L2=2.580830e-04 (baseline A/B file: D:\Dav\CodeHub\Agent\male-fruit-fly-brain-map\bci\mmdev2\outputs\_trial_std_on_u0.05_r2\_debug_phi_scalp.npy)
stim view frames: D:\Dav\CodeHub\Agent\male-fruit-fly-brain-map\bci\mmdev2\outputs\_trial_std_on_u0.05_r2\stim_frames.bin (0.0 MB)
wrote D:\Dav\CodeHub\Agent\male-fruit-fly-brain-map\bci\mmdev2\outputs\_trial_std_on_u0.05_r2\viz_data.json (4.5 MB)
[acquire] D:\Dav\CodeHub\Agent\male-fruit-fly-brain-map\viz\export_data.py --std-gates ORN_C:0.05,600 --regions visual_bilateral,ol_rest,central_brain,olfactory --visual-input dark --chem-input mmn_match --t-end 3600.0 --seed 69 --out D:\Dav\CodeHub\Agent\male-fruit-fly-brain-map\bci\mmdev2\outputs\_trial_std_on_u0.05_r3 --gpu
circuit cache: HIT circuit-693698e48fa257ee3380.npz (1.0 s)
regions: ON  = visual_bilateral, ol_rest, central_brain, olfactory
regions: OFF = audition, gustatory, proprioception, thermal, touch, vnc, vpn_central   <-- pass --regions to enable
kernel cache: HIT kernels-b00add889a9492c797e9.npz (0.1 s)
visual input: dark -> 1 frames @ 60.0 fps, 3377 photoreceptors sampled
std gate: ORN_C U=0.05 tau_rec=600 ms
chem: ORN[ORN_DA1] -> 204 neurons (ORN_DA1), 150 pA x 1 pulses
chem: ORN[ORN_DA1] -> 204 neurons (ORN_DA1), 150 pA x 1 pulses
chem: ORN[ORN_DA1] -> 204 neurons (ORN_DA1), 150 pA x 1 pulses
chem: ORN[ORN_DA1] -> 204 neurons (ORN_DA1), 150 pA x 1 pulses
chem: ORN[ORN_DA1] -> 204 neurons (ORN_DA1), 150 pA x 1 pulses
chem: ORN[ORN_DM2] -> 54 neurons (ORN_DM2), 150 pA x 1 pulses
chem: ORN[ORN_DA1] -> 204 neurons (ORN_DA1), 150 pA x 1 pulses
chem calibration: CEN_C recurrence gain -> 0.002 (chem-run working point, exp019)
simulating 3.6 s ...
GPU forward buffers: 256 records, 1330 MB on device
std debug ORN_C: d mean 0.9881 min 0.8434 frac<0.5 0.000
biology loop: 36 s (3600 records)
phi_scalp checksum: L2=2.585154e-04 (baseline A/B file: D:\Dav\CodeHub\Agent\male-fruit-fly-brain-map\bci\mmdev2\outputs\_trial_std_on_u0.05_r3\_debug_phi_scalp.npy)
stim view frames: D:\Dav\CodeHub\Agent\male-fruit-fly-brain-map\bci\mmdev2\outputs\_trial_std_on_u0.05_r3\stim_frames.bin (0.0 MB)
wrote D:\Dav\CodeHub\Agent\male-fruit-fly-brain-map\bci\mmdev2\outputs\_trial_std_on_u0.05_r3\viz_data.json (4.5 MB)
[acquire] D:\Dav\CodeHub\Agent\male-fruit-fly-brain-map\viz\export_data.py --std-gates ORN_C:0.1,600 --regions visual_bilateral,ol_rest,central_brain,olfactory --visual-input dark --chem-input mmn_match --t-end 3600.0 --seed 70 --out D:\Dav\CodeHub\Agent\male-fruit-fly-brain-map\bci\mmdev2\outputs\_trial_std_on_u0.1_r0 --gpu
circuit cache: HIT circuit-693698e48fa257ee3380.npz (0.9 s)
regions: ON  = visual_bilateral, ol_rest, central_brain, olfactory
regions: OFF = audition, gustatory, proprioception, thermal, touch, vnc, vpn_central   <-- pass --regions to enable
kernel cache: HIT kernels-b00add889a9492c797e9.npz (0.1 s)
visual input: dark -> 1 frames @ 60.0 fps, 3377 photoreceptors sampled
std gate: ORN_C U=0.1 tau_rec=600 ms
chem: ORN[ORN_DA1] -> 204 neurons (ORN_DA1), 150 pA x 1 pulses
chem: ORN[ORN_DA1] -> 204 neurons (ORN_DA1), 150 pA x 1 pulses
chem: ORN[ORN_DA1] -> 204 neurons (ORN_DA1), 150 pA x 1 pulses
chem: ORN[ORN_DA1] -> 204 neurons (ORN_DA1), 150 pA x 1 pulses
chem: ORN[ORN_DA1] -> 204 neurons (ORN_DA1), 150 pA x 1 pulses
chem: ORN[ORN_DM2] -> 54 neurons (ORN_DM2), 150 pA x 1 pulses
chem: ORN[ORN_DA1] -> 204 neurons (ORN_DA1), 150 pA x 1 pulses
chem calibration: CEN_C recurrence gain -> 0.002 (chem-run working point, exp019)
simulating 3.6 s ...
GPU forward buffers: 256 records, 1330 MB on device
std debug ORN_C: d mean 0.9813 min 0.7705 frac<0.5 0.000
biology loop: 32 s (3600 records)
phi_scalp checksum: L2=2.021415e-04 (baseline A/B file: D:\Dav\CodeHub\Agent\male-fruit-fly-brain-map\bci\mmdev2\outputs\_trial_std_on_u0.1_r0\_debug_phi_scalp.npy)
stim view frames: D:\Dav\CodeHub\Agent\male-fruit-fly-brain-map\bci\mmdev2\outputs\_trial_std_on_u0.1_r0\stim_frames.bin (0.0 MB)
wrote D:\Dav\CodeHub\Agent\male-fruit-fly-brain-map\bci\mmdev2\outputs\_trial_std_on_u0.1_r0\viz_data.json (4.5 MB)
[acquire] D:\Dav\CodeHub\Agent\male-fruit-fly-brain-map\viz\export_data.py --std-gates ORN_C:0.1,600 --regions visual_bilateral,ol_rest,central_brain,olfactory --visual-input dark --chem-input mmn_match --t-end 3600.0 --seed 71 --out D:\Dav\CodeHub\Agent\male-fruit-fly-brain-map\bci\mmdev2\outputs\_trial_std_on_u0.1_r1 --gpu
circuit cache: HIT circuit-693698e48fa257ee3380.npz (0.9 s)
regions: ON  = visual_bilateral, ol_rest, central_brain, olfactory
regions: OFF = audition, gustatory, proprioception, thermal, touch, vnc, vpn_central   <-- pass --regions to enable
kernel cache: HIT kernels-b00add889a9492c797e9.npz (0.1 s)
visual input: dark -> 1 frames @ 60.0 fps, 3377 photoreceptors sampled
std gate: ORN_C U=0.1 tau_rec=600 ms
chem: ORN[ORN_DA1] -> 204 neurons (ORN_DA1), 150 pA x 1 pulses
chem: ORN[ORN_DA1] -> 204 neurons (ORN_DA1), 150 pA x 1 pulses
chem: ORN[ORN_DA1] -> 204 neurons (ORN_DA1), 150 pA x 1 pulses
chem: ORN[ORN_DA1] -> 204 neurons (ORN_DA1), 150 pA x 1 pulses
chem: ORN[ORN_DA1] -> 204 neurons (ORN_DA1), 150 pA x 1 pulses
chem: ORN[ORN_DM2] -> 54 neurons (ORN_DM2), 150 pA x 1 pulses
chem: ORN[ORN_DA1] -> 204 neurons (ORN_DA1), 150 pA x 1 pulses
chem calibration: CEN_C recurrence gain -> 0.002 (chem-run working point, exp019)
simulating 3.6 s ...
GPU forward buffers: 256 records, 1330 MB on device
std debug ORN_C: d mean 0.9814 min 0.7703 frac<0.5 0.000
biology loop: 32 s (3600 records)
phi_scalp checksum: L2=2.020886e-04 (baseline A/B file: D:\Dav\CodeHub\Agent\male-fruit-fly-brain-map\bci\mmdev2\outputs\_trial_std_on_u0.1_r1\_debug_phi_scalp.npy)
stim view frames: D:\Dav\CodeHub\Agent\male-fruit-fly-brain-map\bci\mmdev2\outputs\_trial_std_on_u0.1_r1\stim_frames.bin (0.0 MB)
wrote D:\Dav\CodeHub\Agent\male-fruit-fly-brain-map\bci\mmdev2\outputs\_trial_std_on_u0.1_r1\viz_data.json (4.5 MB)
[acquire] D:\Dav\CodeHub\Agent\male-fruit-fly-brain-map\viz\export_data.py --std-gates ORN_C:0.1,600 --regions visual_bilateral,ol_rest,central_brain,olfactory --visual-input dark --chem-input mmn_match --t-end 3600.0 --seed 72 --out D:\Dav\CodeHub\Agent\male-fruit-fly-brain-map\bci\mmdev2\outputs\_trial_std_on_u0.1_r2 --gpu
circuit cache: HIT circuit-693698e48fa257ee3380.npz (0.9 s)
regions: ON  = visual_bilateral, ol_rest, central_brain, olfactory
regions: OFF = audition, gustatory, proprioception, thermal, touch, vnc, vpn_central   <-- pass --regions to enable
kernel cache: HIT kernels-b00add889a9492c797e9.npz (0.1 s)
visual input: dark -> 1 frames @ 60.0 fps, 3377 photoreceptors sampled
std gate: ORN_C U=0.1 tau_rec=600 ms
chem: ORN[ORN_DA1] -> 204 neurons (ORN_DA1), 150 pA x 1 pulses
chem: ORN[ORN_DA1] -> 204 neurons (ORN_DA1), 150 pA x 1 pulses
chem: ORN[ORN_DA1] -> 204 neurons (ORN_DA1), 150 pA x 1 pulses
chem: ORN[ORN_DA1] -> 204 neurons (ORN_DA1), 150 pA x 1 pulses
chem: ORN[ORN_DA1] -> 204 neurons (ORN_DA1), 150 pA x 1 pulses
chem: ORN[ORN_DM2] -> 54 neurons (ORN_DM2), 150 pA x 1 pulses
chem: ORN[ORN_DA1] -> 204 neurons (ORN_DA1), 150 pA x 1 pulses
chem calibration: CEN_C recurrence gain -> 0.002 (chem-run working point, exp019)
simulating 3.6 s ...
GPU forward buffers: 256 records, 1330 MB on device
std debug ORN_C: d mean 0.9813 min 0.7602 frac<0.5 0.000
biology loop: 36 s (3600 records)
phi_scalp checksum: L2=2.584518e-04 (baseline A/B file: D:\Dav\CodeHub\Agent\male-fruit-fly-brain-map\bci\mmdev2\outputs\_trial_std_on_u0.1_r2\_debug_phi_scalp.npy)
stim view frames: D:\Dav\CodeHub\Agent\male-fruit-fly-brain-map\bci\mmdev2\outputs\_trial_std_on_u0.1_r2\stim_frames.bin (0.0 MB)
wrote D:\Dav\CodeHub\Agent\male-fruit-fly-brain-map\bci\mmdev2\outputs\_trial_std_on_u0.1_r2\viz_data.json (4.5 MB)
[acquire] D:\Dav\CodeHub\Agent\male-fruit-fly-brain-map\viz\export_data.py --std-gates ORN_C:0.1,600 --regions visual_bilateral,ol_rest,central_brain,olfactory --visual-input dark --chem-input mmn_match --t-end 3600.0 --seed 73 --out D:\Dav\CodeHub\Agent\male-fruit-fly-brain-map\bci\mmdev2\outputs\_trial_std_on_u0.1_r3 --gpu
circuit cache: HIT circuit-693698e48fa257ee3380.npz (0.9 s)
regions: ON  = visual_bilateral, ol_rest, central_brain, olfactory
regions: OFF = audition, gustatory, proprioception, thermal, touch, vnc, vpn_central   <-- pass --regions to enable
kernel cache: HIT kernels-b00add889a9492c797e9.npz (0.1 s)
visual input: dark -> 1 frames @ 60.0 fps, 3377 photoreceptors sampled
std gate: ORN_C U=0.1 tau_rec=600 ms
chem: ORN[ORN_DA1] -> 204 neurons (ORN_DA1), 150 pA x 1 pulses
chem: ORN[ORN_DA1] -> 204 neurons (ORN_DA1), 150 pA x 1 pulses
chem: ORN[ORN_DA1] -> 204 neurons (ORN_DA1), 150 pA x 1 pulses
chem: ORN[ORN_DA1] -> 204 neurons (ORN_DA1), 150 pA x 1 pulses
chem: ORN[ORN_DA1] -> 204 neurons (ORN_DA1), 150 pA x 1 pulses
chem: ORN[ORN_DM2] -> 54 neurons (ORN_DM2), 150 pA x 1 pulses
chem: ORN[ORN_DA1] -> 204 neurons (ORN_DA1), 150 pA x 1 pulses
chem calibration: CEN_C recurrence gain -> 0.002 (chem-run working point, exp019)
simulating 3.6 s ...
GPU forward buffers: 256 records, 1330 MB on device
std debug ORN_C: d mean 0.9812 min 0.7753 frac<0.5 0.000
biology loop: 32 s (3600 records)
phi_scalp checksum: L2=2.021877e-04 (baseline A/B file: D:\Dav\CodeHub\Agent\male-fruit-fly-brain-map\bci\mmdev2\outputs\_trial_std_on_u0.1_r3\_debug_phi_scalp.npy)
stim view frames: D:\Dav\CodeHub\Agent\male-fruit-fly-brain-map\bci\mmdev2\outputs\_trial_std_on_u0.1_r3\stim_frames.bin (0.0 MB)
wrote D:\Dav\CodeHub\Agent\male-fruit-fly-brain-map\bci\mmdev2\outputs\_trial_std_on_u0.1_r3\viz_data.json (4.5 MB)
[acquire] done -> D:\Dav\CodeHub\Agent\male-fruit-fly-brain-map\bci\mmdev2\outputs
