[pilot] da1_r0
circuit cache: HIT circuit-693698e48fa257ee3380.npz (0.9 s)
regions: ON  = visual_bilateral, ol_rest, central_brain, olfactory
regions: OFF = audition, gustatory, proprioception, thermal, touch, vnc, vpn_central   <-- pass --regions to enable
kernel cache: HIT kernels-b00add889a9492c797e9.npz (0.1 s)
visual input: dark -> 1 frames @ 60.0 fps, 3377 photoreceptors sampled
chem: ORN[ORN_DA1] -> 204 neurons (ORN_DA1), 150 pA x 1 pulses
chem calibration: CEN_C recurrence gain -> 0.002 (chem-run working point, exp019)
simulating 1.2 s ...
GPU forward buffers: 256 records, 1330 MB on device
biology loop: 14 s (1200 records)
phi_scalp checksum: L2=1.392655e-04 (baseline A/B file: D:\Dav\CodeHub\Agent\male-fruit-fly-brain-map\bci\mmdev2\outputs\_trial_da1_r0\_debug_phi_scalp.npy)
stim view frames: D:\Dav\CodeHub\Agent\male-fruit-fly-brain-map\bci\mmdev2\outputs\_trial_da1_r0\stim_frames.bin (0.0 MB)
wrote D:\Dav\CodeHub\Agent\male-fruit-fly-brain-map\bci\mmdev2\outputs\_trial_da1_r0\viz_data.json (3.3 MB)
[pilot] da1_r1
circuit cache: HIT circuit-693698e48fa257ee3380.npz (0.9 s)
regions: ON  = visual_bilateral, ol_rest, central_brain, olfactory
regions: OFF = audition, gustatory, proprioception, thermal, touch, vnc, vpn_central   <-- pass --regions to enable
kernel cache: HIT kernels-b00add889a9492c797e9.npz (0.1 s)
visual input: dark -> 1 frames @ 60.0 fps, 3377 photoreceptors sampled
chem: ORN[ORN_DA1] -> 204 neurons (ORN_DA1), 150 pA x 1 pulses
chem calibration: CEN_C recurrence gain -> 0.002 (chem-run working point, exp019)
simulating 1.2 s ...
GPU forward buffers: 256 records, 1330 MB on device
biology loop: 14 s (1200 records)
phi_scalp checksum: L2=1.395636e-04 (baseline A/B file: D:\Dav\CodeHub\Agent\male-fruit-fly-brain-map\bci\mmdev2\outputs\_trial_da1_r1\_debug_phi_scalp.npy)
stim view frames: D:\Dav\CodeHub\Agent\male-fruit-fly-brain-map\bci\mmdev2\outputs\_trial_da1_r1\stim_frames.bin (0.0 MB)
wrote D:\Dav\CodeHub\Agent\male-fruit-fly-brain-map\bci\mmdev2\outputs\_trial_da1_r1\viz_data.json (3.3 MB)
[pilot] dm2_s1_r0
circuit cache: HIT circuit-693698e48fa257ee3380.npz (0.9 s)
regions: ON  = visual_bilateral, ol_rest, central_brain, olfactory
regions: OFF = audition, gustatory, proprioception, thermal, touch, vnc, vpn_central   <-- pass --regions to enable
kernel cache: HIT kernels-b00add889a9492c797e9.npz (0.1 s)
visual input: dark -> 1 frames @ 60.0 fps, 3377 photoreceptors sampled
chem: ORN[ORN_DM2] -> 54 neurons (ORN_DM2), 150 pA x 1 pulses
chem calibration: CEN_C recurrence gain -> 0.002 (chem-run working point, exp019)
simulating 1.2 s ...
GPU forward buffers: 256 records, 1330 MB on device
biology loop: 13 s (1200 records)
phi_scalp checksum: L2=1.158094e-04 (baseline A/B file: D:\Dav\CodeHub\Agent\male-fruit-fly-brain-map\bci\mmdev2\outputs\_trial_dm2_s1_r0\_debug_phi_scalp.npy)
stim view frames: D:\Dav\CodeHub\Agent\male-fruit-fly-brain-map\bci\mmdev2\outputs\_trial_dm2_s1_r0\stim_frames.bin (0.0 MB)
wrote D:\Dav\CodeHub\Agent\male-fruit-fly-brain-map\bci\mmdev2\outputs\_trial_dm2_s1_r0\viz_data.json (3.3 MB)
[pilot] dm2_s1_r1
circuit cache: HIT circuit-693698e48fa257ee3380.npz (0.9 s)
regions: ON  = visual_bilateral, ol_rest, central_brain, olfactory
regions: OFF = audition, gustatory, proprioception, thermal, touch, vnc, vpn_central   <-- pass --regions to enable
kernel cache: HIT kernels-b00add889a9492c797e9.npz (0.1 s)
visual input: dark -> 1 frames @ 60.0 fps, 3377 photoreceptors sampled
chem: ORN[ORN_DM2] -> 54 neurons (ORN_DM2), 150 pA x 1 pulses
chem calibration: CEN_C recurrence gain -> 0.002 (chem-run working point, exp019)
simulating 1.2 s ...
GPU forward buffers: 256 records, 1330 MB on device
biology loop: 13 s (1200 records)
phi_scalp checksum: L2=1.158689e-04 (baseline A/B file: D:\Dav\CodeHub\Agent\male-fruit-fly-brain-map\bci\mmdev2\outputs\_trial_dm2_s1_r1\_debug_phi_scalp.npy)
stim view frames: D:\Dav\CodeHub\Agent\male-fruit-fly-brain-map\bci\mmdev2\outputs\_trial_dm2_s1_r1\stim_frames.bin (0.0 MB)
wrote D:\Dav\CodeHub\Agent\male-fruit-fly-brain-map\bci\mmdev2\outputs\_trial_dm2_s1_r1\viz_data.json (3.3 MB)
[pilot] dm2_s2_r0
circuit cache: HIT circuit-693698e48fa257ee3380.npz (0.9 s)
regions: ON  = visual_bilateral, ol_rest, central_brain, olfactory
regions: OFF = audition, gustatory, proprioception, thermal, touch, vnc, vpn_central   <-- pass --regions to enable
kernel cache: HIT kernels-b00add889a9492c797e9.npz (0.1 s)
visual input: dark -> 1 frames @ 60.0 fps, 3377 photoreceptors sampled
chem: ORN[ORN_DM2] -> 54 neurons (ORN_DM2), 300 pA x 1 pulses (x2 amp scale)
chem calibration: CEN_C recurrence gain -> 0.002 (chem-run working point, exp019)
simulating 1.2 s ...
GPU forward buffers: 256 records, 1330 MB on device
biology loop: 13 s (1200 records)
phi_scalp checksum: L2=1.161174e-04 (baseline A/B file: D:\Dav\CodeHub\Agent\male-fruit-fly-brain-map\bci\mmdev2\outputs\_trial_dm2_s2_r0\_debug_phi_scalp.npy)
stim view frames: D:\Dav\CodeHub\Agent\male-fruit-fly-brain-map\bci\mmdev2\outputs\_trial_dm2_s2_r0\stim_frames.bin (0.0 MB)
wrote D:\Dav\CodeHub\Agent\male-fruit-fly-brain-map\bci\mmdev2\outputs\_trial_dm2_s2_r0\viz_data.json (3.3 MB)
[pilot] dm2_s2_r1
circuit cache: HIT circuit-693698e48fa257ee3380.npz (0.9 s)
regions: ON  = visual_bilateral, ol_rest, central_brain, olfactory
regions: OFF = audition, gustatory, proprioception, thermal, touch, vnc, vpn_central   <-- pass --regions to enable
kernel cache: HIT kernels-b00add889a9492c797e9.npz (0.1 s)
visual input: dark -> 1 frames @ 60.0 fps, 3377 photoreceptors sampled
chem: ORN[ORN_DM2] -> 54 neurons (ORN_DM2), 300 pA x 1 pulses (x2 amp scale)
chem calibration: CEN_C recurrence gain -> 0.002 (chem-run working point, exp019)
simulating 1.2 s ...
GPU forward buffers: 256 records, 1330 MB on device
biology loop: 13 s (1200 records)
phi_scalp checksum: L2=1.162028e-04 (baseline A/B file: D:\Dav\CodeHub\Agent\male-fruit-fly-brain-map\bci\mmdev2\outputs\_trial_dm2_s2_r1\_debug_phi_scalp.npy)
stim view frames: D:\Dav\CodeHub\Agent\male-fruit-fly-brain-map\bci\mmdev2\outputs\_trial_dm2_s2_r1\stim_frames.bin (0.0 MB)
wrote D:\Dav\CodeHub\Agent\male-fruit-fly-brain-map\bci\mmdev2\outputs\_trial_dm2_s2_r1\viz_data.json (3.3 MB)
[pilot] dm2_s3_r0
circuit cache: HIT circuit-693698e48fa257ee3380.npz (0.9 s)
regions: ON  = visual_bilateral, ol_rest, central_brain, olfactory
regions: OFF = audition, gustatory, proprioception, thermal, touch, vnc, vpn_central   <-- pass --regions to enable
kernel cache: HIT kernels-b00add889a9492c797e9.npz (0.1 s)
visual input: dark -> 1 frames @ 60.0 fps, 3377 photoreceptors sampled
chem: ORN[ORN_DM2] -> 54 neurons (ORN_DM2), 450 pA x 1 pulses (x3 amp scale)
chem calibration: CEN_C recurrence gain -> 0.002 (chem-run working point, exp019)
simulating 1.2 s ...
GPU forward buffers: 256 records, 1330 MB on device
biology loop: 14 s (1200 records)
phi_scalp checksum: L2=1.374875e-04 (baseline A/B file: D:\Dav\CodeHub\Agent\male-fruit-fly-brain-map\bci\mmdev2\outputs\_trial_dm2_s3_r0\_debug_phi_scalp.npy)
stim view frames: D:\Dav\CodeHub\Agent\male-fruit-fly-brain-map\bci\mmdev2\outputs\_trial_dm2_s3_r0\stim_frames.bin (0.0 MB)
wrote D:\Dav\CodeHub\Agent\male-fruit-fly-brain-map\bci\mmdev2\outputs\_trial_dm2_s3_r0\viz_data.json (3.3 MB)
[pilot] dm2_s3_r1
circuit cache: HIT circuit-693698e48fa257ee3380.npz (0.9 s)
regions: ON  = visual_bilateral, ol_rest, central_brain, olfactory
regions: OFF = audition, gustatory, proprioception, thermal, touch, vnc, vpn_central   <-- pass --regions to enable
kernel cache: HIT kernels-b00add889a9492c797e9.npz (0.1 s)
visual input: dark -> 1 frames @ 60.0 fps, 3377 photoreceptors sampled
chem: ORN[ORN_DM2] -> 54 neurons (ORN_DM2), 450 pA x 1 pulses (x3 amp scale)
chem calibration: CEN_C recurrence gain -> 0.002 (chem-run working point, exp019)
simulating 1.2 s ...
GPU forward buffers: 256 records, 1330 MB on device
biology loop: 13 s (1200 records)
phi_scalp checksum: L2=1.400499e-04 (baseline A/B file: D:\Dav\CodeHub\Agent\male-fruit-fly-brain-map\bci\mmdev2\outputs\_trial_dm2_s3_r1\_debug_phi_scalp.npy)
stim view frames: D:\Dav\CodeHub\Agent\male-fruit-fly-brain-map\bci\mmdev2\outputs\_trial_dm2_s3_r1\stim_frames.bin (0.0 MB)
wrote D:\Dav\CodeHub\Agent\male-fruit-fly-brain-map\bci\mmdev2\outputs\_trial_dm2_s3_r1\viz_data.json (3.3 MB)
[pilot] dm2_s4_r0
circuit cache: HIT circuit-693698e48fa257ee3380.npz (0.8 s)
regions: ON  = visual_bilateral, ol_rest, central_brain, olfactory
regions: OFF = audition, gustatory, proprioception, thermal, touch, vnc, vpn_central   <-- pass --regions to enable
kernel cache: HIT kernels-b00add889a9492c797e9.npz (0.1 s)
visual input: dark -> 1 frames @ 60.0 fps, 3377 photoreceptors sampled
chem: ORN[ORN_DM2] -> 54 neurons (ORN_DM2), 600 pA x 1 pulses (x4 amp scale)
chem calibration: CEN_C recurrence gain -> 0.002 (chem-run working point, exp019)
simulating 1.2 s ...
GPU forward buffers: 256 records, 1330 MB on device
biology loop: 13 s (1200 records)
phi_scalp checksum: L2=1.409505e-04 (baseline A/B file: D:\Dav\CodeHub\Agent\male-fruit-fly-brain-map\bci\mmdev2\outputs\_trial_dm2_s4_r0\_debug_phi_scalp.npy)
stim view frames: D:\Dav\CodeHub\Agent\male-fruit-fly-brain-map\bci\mmdev2\outputs\_trial_dm2_s4_r0\stim_frames.bin (0.0 MB)
wrote D:\Dav\CodeHub\Agent\male-fruit-fly-brain-map\bci\mmdev2\outputs\_trial_dm2_s4_r0\viz_data.json (3.3 MB)
[pilot] dm2_s4_r1
circuit cache: HIT circuit-693698e48fa257ee3380.npz (0.9 s)
regions: ON  = visual_bilateral, ol_rest, central_brain, olfactory
regions: OFF = audition, gustatory, proprioception, thermal, touch, vnc, vpn_central   <-- pass --regions to enable
kernel cache: HIT kernels-b00add889a9492c797e9.npz (0.1 s)
visual input: dark -> 1 frames @ 60.0 fps, 3377 photoreceptors sampled
chem: ORN[ORN_DM2] -> 54 neurons (ORN_DM2), 600 pA x 1 pulses (x4 amp scale)
chem calibration: CEN_C recurrence gain -> 0.002 (chem-run working point, exp019)
simulating 1.2 s ...
GPU forward buffers: 256 records, 1330 MB on device
biology loop: 13 s (1200 records)
phi_scalp checksum: L2=1.411322e-04 (baseline A/B file: D:\Dav\CodeHub\Agent\male-fruit-fly-brain-map\bci\mmdev2\outputs\_trial_dm2_s4_r1\_debug_phi_scalp.npy)
stim view frames: D:\Dav\CodeHub\Agent\male-fruit-fly-brain-map\bci\mmdev2\outputs\_trial_dm2_s4_r1\stim_frames.bin (0.0 MB)
wrote D:\Dav\CodeHub\Agent\male-fruit-fly-brain-map\bci\mmdev2\outputs\_trial_dm2_s4_r1\viz_data.json (3.3 MB)
DA1 reference +0.1973 uV -> matched DM2 scale s* = 3.28 (amp 492 pA)
da1: +0.1973 +- 0.0078 uV
dm2_s1: +0.0013 +- 0.0018 uV
dm2_s2: +0.0147 +- 0.0009 uV
dm2_s3: +0.1662 +- 0.0663 uV
dm2_s4: +0.2775 +- 0.0006 uV
