[acquire] szl1_e10s_s616: t_end 10000 ms
circuit cache: HIT circuit-693698e48fa257ee3380.npz (0.9 s)
regions: ON  = visual_bilateral, ol_rest, central_brain, olfactory
regions: OFF = audition, gustatory, proprioception, thermal, touch, vnc, vpn_central   <-- pass --regions to enable
pop-rate: Kenyon_Cell[4050], MBON[96], ALPN[680], DAN[340]
kernel cache: HIT kernels-6811b8850a671d7442ea.npz (0.2 s)
visual input: dark -> 1 frames @ 60.0 fps, 3377 photoreceptors sampled
std gate: CEN_C U=0.00015 tau_rec=10000 ms
chem: CEN[LAL*@L] -> 317 neurons (LAL001@L, LAL002@L, LAL003@L, LAL004@L...), 600 pA x 1 pulses
simulating 10.0 s ...
GPU forward buffers: 256 records, 1330 MB on device
std debug CEN_C: d mean 0.9373 min 0.2715 frac<0.5 0.020
pop-rate (1-2 s, Hz/neuron): Kenyon_Cell 54.94, MBON 292.56, ALPN 161.60, DAN 26.54
biology loop: 116 s (10000 records)
phi_scalp checksum: L2=1.065313e-03 (baseline A/B file: D:\Dav\CodeHub\Agent\male-fruit-fly-brain-map\bci\sleep6\outputs\_trial_szl1_e10s_s616\_debug_phi_scalp.npy)
background EEG: fly signal 1.17 uV vs bg 11.45 uV at 156 deg -> d'=2 needs ~384 trials (band 2-20 Hz: ~3703)
stim view frames: D:\Dav\CodeHub\Agent\male-fruit-fly-brain-map\bci\sleep6\outputs\_trial_szl1_e10s_s616\stim_frames.bin (0.0 MB)
wrote D:\Dav\CodeHub\Agent\male-fruit-fly-brain-map\bci\sleep6\outputs\_trial_szl1_e10s_s616\viz_data.json (7.6 MB)
[acquire] szl1_e20s_s616: t_end 20000 ms
circuit cache: HIT circuit-693698e48fa257ee3380.npz (0.9 s)
regions: ON  = visual_bilateral, ol_rest, central_brain, olfactory
regions: OFF = audition, gustatory, proprioception, thermal, touch, vnc, vpn_central   <-- pass --regions to enable
pop-rate: Kenyon_Cell[4050], MBON[96], ALPN[680], DAN[340]
kernel cache: HIT kernels-6811b8850a671d7442ea.npz (0.1 s)
visual input: dark -> 1 frames @ 60.0 fps, 3377 photoreceptors sampled
std gate: CEN_C U=0.00015 tau_rec=10000 ms
chem: CEN[LAL*@L] -> 317 neurons (LAL001@L, LAL002@L, LAL003@L, LAL004@L...), 600 pA x 1 pulses
simulating 20.0 s ...
GPU forward buffers: 256 records, 1330 MB on device
std debug CEN_C: d mean 0.9654 min 0.2504 frac<0.5 0.003
pop-rate (1-2 s, Hz/neuron): Kenyon_Cell 54.94, MBON 292.56, ALPN 161.60, DAN 26.54
biology loop: 220 s (20000 records)
phi_scalp checksum: L2=1.199196e-03 (baseline A/B file: D:\Dav\CodeHub\Agent\male-fruit-fly-brain-map\bci\sleep6\outputs\_trial_szl1_e20s_s616\_debug_phi_scalp.npy)
background EEG: fly signal 1.17 uV vs bg 11.39 uV at 156 deg -> d'=2 needs ~379 trials (band 2-20 Hz: ~3695)
stim view frames: D:\Dav\CodeHub\Agent\male-fruit-fly-brain-map\bci\sleep6\outputs\_trial_szl1_e20s_s616\stim_frames.bin (0.0 MB)
wrote D:\Dav\CodeHub\Agent\male-fruit-fly-brain-map\bci\sleep6\outputs\_trial_szl1_e20s_s616\viz_data.json (12.5 MB)
[acquire] szl1_e35s_s616: t_end 35000 ms
circuit cache: HIT circuit-693698e48fa257ee3380.npz (0.9 s)
regions: ON  = visual_bilateral, ol_rest, central_brain, olfactory
regions: OFF = audition, gustatory, proprioception, thermal, touch, vnc, vpn_central   <-- pass --regions to enable
pop-rate: Kenyon_Cell[4050], MBON[96], ALPN[680], DAN[340]
kernel cache: HIT kernels-6811b8850a671d7442ea.npz (0.1 s)
visual input: dark -> 1 frames @ 60.0 fps, 3377 photoreceptors sampled
std gate: CEN_C U=0.00015 tau_rec=10000 ms
chem: CEN[LAL*@L] -> 317 neurons (LAL001@L, LAL002@L, LAL003@L, LAL004@L...), 600 pA x 1 pulses
simulating 35.0 s ...
GPU forward buffers: 256 records, 1330 MB on device
std debug CEN_C: d mean 0.9767 min 0.2500 frac<0.5 0.003
pop-rate (1-2 s, Hz/neuron): Kenyon_Cell 54.94, MBON 292.56, ALPN 161.60, DAN 26.54
biology loop: 396 s (35000 records)
phi_scalp checksum: L2=1.389708e-03 (baseline A/B file: D:\Dav\CodeHub\Agent\male-fruit-fly-brain-map\bci\sleep6\outputs\_trial_szl1_e35s_s616\_debug_phi_scalp.npy)
background EEG: fly signal 1.17 uV vs bg 11.32 uV at 156 deg -> d'=2 needs ~375 trials (band 2-20 Hz: ~3639)
stim view frames: D:\Dav\CodeHub\Agent\male-fruit-fly-brain-map\bci\sleep6\outputs\_trial_szl1_e35s_s616\stim_frames.bin (0.0 MB)
wrote D:\Dav\CodeHub\Agent\male-fruit-fly-brain-map\bci\sleep6\outputs\_trial_szl1_e35s_s616\viz_data.json (19.9 MB)
[acquire] szl1_e50s_s616: t_end 50000 ms
circuit cache: HIT circuit-693698e48fa257ee3380.npz (0.8 s)
regions: ON  = visual_bilateral, ol_rest, central_brain, olfactory
regions: OFF = audition, gustatory, proprioception, thermal, touch, vnc, vpn_central   <-- pass --regions to enable
pop-rate: Kenyon_Cell[4050], MBON[96], ALPN[680], DAN[340]
kernel cache: HIT kernels-6811b8850a671d7442ea.npz (0.1 s)
visual input: dark -> 1 frames @ 60.0 fps, 3377 photoreceptors sampled
std gate: CEN_C U=0.00015 tau_rec=10000 ms
chem: CEN[LAL*@L] -> 317 neurons (LAL001@L, LAL002@L, LAL003@L, LAL004@L...), 600 pA x 1 pulses
simulating 50.0 s ...
GPU forward buffers: 256 records, 1330 MB on device
std debug CEN_C: d mean 0.9790 min 0.2500 frac<0.5 0.003
pop-rate (1-2 s, Hz/neuron): Kenyon_Cell 54.94, MBON 292.56, ALPN 161.60, DAN 26.54
biology loop: 736 s (50000 records)
phi_scalp checksum: L2=1.558588e-03 (baseline A/B file: D:\Dav\CodeHub\Agent\male-fruit-fly-brain-map\bci\sleep6\outputs\_trial_szl1_e50s_s616\_debug_phi_scalp.npy)
background EEG: fly signal 1.17 uV vs bg 11.35 uV at 156 deg -> d'=2 needs ~377 trials (band 2-20 Hz: ~3656)
stim view frames: D:\Dav\CodeHub\Agent\male-fruit-fly-brain-map\bci\sleep6\outputs\_trial_szl1_e50s_s616\stim_frames.bin (0.0 MB)
wrote D:\Dav\CodeHub\Agent\male-fruit-fly-brain-map\bci\sleep6\outputs\_trial_szl1_e50s_s616\viz_data.json (27.3 MB)
[acquire] szl1_e80s_s616: t_end 80000 ms
circuit cache: HIT circuit-693698e48fa257ee3380.npz (0.7 s)
regions: ON  = visual_bilateral, ol_rest, central_brain, olfactory
regions: OFF = audition, gustatory, proprioception, thermal, touch, vnc, vpn_central   <-- pass --regions to enable
pop-rate: Kenyon_Cell[4050], MBON[96], ALPN[680], DAN[340]
kernel cache: HIT kernels-6811b8850a671d7442ea.npz (0.1 s)
visual input: dark -> 1 frames @ 60.0 fps, 3377 photoreceptors sampled
std gate: CEN_C U=0.00015 tau_rec=10000 ms
chem: CEN[LAL*@L] -> 317 neurons (LAL001@L, LAL002@L, LAL003@L, LAL004@L...), 600 pA x 1 pulses
simulating 80.0 s ...
GPU forward buffers: 256 records, 1330 MB on device
std debug CEN_C: d mean 0.9794 min 0.2500 frac<0.5 0.003
pop-rate (1-2 s, Hz/neuron): Kenyon_Cell 54.94, MBON 292.56, ALPN 161.60, DAN 26.54
biology loop: 1185 s (80000 records)
phi_scalp checksum: L2=1.850773e-03 (baseline A/B file: D:\Dav\CodeHub\Agent\male-fruit-fly-brain-map\bci\sleep6\outputs\_trial_szl1_e80s_s616\_debug_phi_scalp.npy)
background EEG: fly signal 1.17 uV vs bg 11.35 uV at 156 deg -> d'=2 needs ~377 trials (band 2-20 Hz: ~3701)
stim view frames: D:\Dav\CodeHub\Agent\male-fruit-fly-brain-map\bci\sleep6\outputs\_trial_szl1_e80s_s616\stim_frames.bin (0.0 MB)
wrote D:\Dav\CodeHub\Agent\male-fruit-fly-brain-map\bci\sleep6\outputs\_trial_szl1_e80s_s616\viz_data.json (42.0 MB)
[acquire] done -> D:\Dav\CodeHub\Agent\male-fruit-fly-brain-map\bci\sleep6\outputs
