[acquire] szl1_e10s_s616: t_end 10000 ms
circuit cache: HIT circuit-693698e48fa257ee3380.npz (0.9 s)
regions: ON  = visual_bilateral, ol_rest, central_brain, olfactory
regions: OFF = audition, gustatory, proprioception, thermal, touch, vnc, vpn_central   <-- pass --regions to enable
pop-rate: Kenyon_Cell[4050], MBON[96], ALPN[680], DAN[340]
thought-experiment scale x202 (nominal x400), junction pinned at the occipital pole (shift 0.0 mm, brain-margin -0 um)
scalp kernel RL: 9636 dipoles (0 s)
scalp kernel LM: 49425 dipoles (1 s)
scalp kernel MT_Mi1: 46038 dipoles (1 s)
scalp kernel MT_Tm3: 39254 dipoles (1 s)
scalp kernel MT_Mi4: 23036 dipoles (1 s)
scalp kernel MT_Mi9: 31092 dipoles (2 s)
scalp kernel MT_Tm1: 35518 dipoles (2 s)
scalp kernel MT_Tm2: 35446 dipoles (2 s)
scalp kernel MT_Tm4: 32161 dipoles (3 s)
scalp kernel MT_Tm9: 47365 dipoles (3 s)
scalp kernel OLR_V: 300000 dipoles (9 s)
scalp kernel CEN_V: 152 dipoles (9 s)
scalp kernel CEN_R: 208073 dipoles (12 s)
scalp kernel CEN_C: 300000 dipoles (18 s)
scalp kernel ORN_C: 57489 dipoles (19 s)
scalp kernel PHOTO: 3377 dipoles (19 s)
scalp kernels built (S=400, 4-sphere, 17 electrodes, 19 s)
kernel rows per group: RL=9636, LM=49425, MT_Mi1=46038, MT_Tm3=39254, MT_Mi4=23036, MT_Mi9=31092, MT_Tm1=35518, MT_Tm2=35446, MT_Tm4=32161, MT_Tm9=47365, OLR_V=300000, CEN_V=152, CEN_R=208073, CEN_C=300000, ORN_C=57489, PHOTO=3377
kernel cache: saved kernels-6811b8850a671d7442ea.npz (0.2 s)
visual input: dark -> 1 frames @ 60.0 fps, 3377 photoreceptors sampled
std gate: CEN_C U=0.00015 tau_rec=10000 ms
chem: CEN[LAL*@L] -> 317 neurons (LAL001@L, LAL002@L, LAL003@L, LAL004@L...), 600 pA x 1 pulses
simulating 10.0 s ...
GPU forward buffers: 256 records, 1330 MB on device
std debug CEN_C: d mean 0.9373 min 0.2715 frac<0.5 0.020
pop-rate (1-2 s, Hz/neuron): Kenyon_Cell 54.94, MBON 292.56, ALPN 161.60, DAN 26.54
biology loop: 115 s (10000 records)
phi_scalp checksum: L2=1.065313e-03 (baseline A/B file: D:\Dav\CodeHub\Agent\male-fruit-fly-brain-map\bci\sleep6\outputs\_trial_szl1_e10s_s616\_debug_phi_scalp.npy)
background EEG: fly signal 1.17 uV vs bg 11.45 uV at 156 deg -> d'=2 needs ~384 trials (band 2-20 Hz: ~3703)
stim view frames: D:\Dav\CodeHub\Agent\male-fruit-fly-brain-map\bci\sleep6\outputs\_trial_szl1_e10s_s616\stim_frames.bin (0.0 MB)
wrote D:\Dav\CodeHub\Agent\male-fruit-fly-brain-map\bci\sleep6\outputs\_trial_szl1_e10s_s616\viz_data.json (7.6 MB)
Traceback (most recent call last):
  File "D:\Dav\CodeHub\Agent\male-fruit-fly-brain-map\bci\sleep6\acquire.py", line 83, in <module>
    main()
  File "D:\Dav\CodeHub\Agent\male-fruit-fly-brain-map\bci\sleep6\acquire.py", line 71, in main
    shutil.copy(trial / "_std_debug_CEN.npz", dst_d)
  File "C:\Software\Devel\Anaconda3\envs\ffbm\Lib\shutil.py", line 435, in copy
    copyfile(src, dst, follow_symlinks=follow_symlinks)
  File "C:\Software\Devel\Anaconda3\envs\ffbm\Lib\shutil.py", line 260, in copyfile
    with open(src, 'rb') as fsrc:
         ^^^^^^^^^^^^^^^
FileNotFoundError: [Errno 2] No such file or directory: 'D:\\Dav\\CodeHub\\Agent\\male-fruit-fly-brain-map\\bci\\sleep6\\outputs\\_trial_szl1_e10s_s616\\_std_debug_CEN.npz'
