[acquire] ctl60: exists, skip
[acquire] u0.00015_t10000: std=CEN_C:0.00015,10000
circuit cache: HIT circuit-693698e48fa257ee3380.npz (0.7 s)
regions: ON  = visual_bilateral, ol_rest, central_brain, olfactory
regions: OFF = audition, gustatory, proprioception, thermal, touch, vnc, vpn_central   <-- pass --regions to enable
pop-rate: Kenyon_Cell[4050], MBON[96], ALPN[680], DAN[340]
kernel cache: HIT kernels-b00add889a9492c797e9.npz (0.1 s)
visual input: dark -> 1 frames @ 60.0 fps, 3377 photoreceptors sampled
std gate: CEN_C U=0.00015 tau_rec=10000 ms
chem: CEN[LAL*@L] -> 317 neurons (LAL001@L, LAL002@L, LAL003@L, LAL004@L...), 600 pA x 2 pulses
simulating 60.0 s ...
GPU forward buffers: 256 records, 1330 MB on device
std debug CEN_C: d mean 0.9725 min 0.2500 frac<0.5 0.003
pop-rate (1-2 s, Hz/neuron): Kenyon_Cell 54.94, MBON 292.56, ALPN 161.60, DAN 26.54
biology loop: 898 s (60000 records)
phi_scalp checksum: L2=1.697978e-03 (baseline A/B file: D:\Dav\CodeHub\Agent\male-fruit-fly-brain-map\bci\sleep3\outputs\_trial_u0.00015_t10000\_debug_phi_scalp.npy)
background EEG: fly signal 1.17 uV vs bg 11.22 uV at 156 deg -> d'=2 needs ~368 trials (band 2-20 Hz: ~3594)
stim view frames: D:\Dav\CodeHub\Agent\male-fruit-fly-brain-map\bci\sleep3\outputs\_trial_u0.00015_t10000\stim_frames.bin (0.0 MB)
wrote D:\Dav\CodeHub\Agent\male-fruit-fly-brain-map\bci\sleep3\outputs\_trial_u0.00015_t10000\viz_data.json (32.2 MB)
[acquire] done -> D:\Dav\CodeHub\Agent\male-fruit-fly-brain-map\bci\sleep3\outputs
