[acquire] none_g0.5_x1
circuit cache: HIT circuit-693698e48fa257ee3380.npz (0.8 s)
regions: ON  = visual_bilateral, ol_rest, central_brain, olfactory
regions: OFF = audition, gustatory, proprioception, thermal, touch, vnc, vpn_central   <-- pass --regions to enable
al-gain: ALK split 19511 AL->KC pairs from CEN_C (gain=0.01)
pop-rate: Kenyon_Cell[4050], MBON[96], ALPN[680]
thought-experiment scale x202 (nominal x400), junction pinned at the occipital pole (shift 0.0 mm, brain-margin -0 um)
scalp kernel RL: 9636 dipoles (0 s)
scalp kernel LM: 49425 dipoles (1 s)
scalp kernel MT_Mi1: 46038 dipoles (1 s)
scalp kernel MT_Tm3: 39254 dipoles (1 s)
scalp kernel MT_Mi4: 23036 dipoles (2 s)
scalp kernel MT_Mi9: 31092 dipoles (2 s)
scalp kernel MT_Tm1: 35518 dipoles (2 s)
scalp kernel MT_Tm2: 35446 dipoles (2 s)
scalp kernel MT_Tm4: 32161 dipoles (3 s)
scalp kernel MT_Tm9: 47365 dipoles (3 s)
scalp kernel OLR_V: 300000 dipoles (9 s)
scalp kernel CEN_V: 152 dipoles (9 s)
scalp kernel CEN_R: 208073 dipoles (13 s)
scalp kernel CEN_C: 300000 dipoles (19 s)
scalp kernel ORN_C: 57489 dipoles (19 s)
scalp kernel ALK: 19511 dipoles (19 s)
scalp kernel PHOTO: 3377 dipoles (19 s)
scalp kernels built (S=400, 4-sphere, 17 electrodes, 19 s)
kernel rows per group: RL=9636, LM=49425, MT_Mi1=46038, MT_Tm3=39254, MT_Mi4=23036, MT_Mi9=31092, MT_Tm1=35518, MT_Tm2=35446, MT_Tm4=32161, MT_Tm9=47365, OLR_V=300000, CEN_V=152, CEN_R=208073, CEN_C=300000, ORN_C=57489, ALK=19511, PHOTO=3377
kernel cache: saved kernels-87ced315b31f1cb34497.npz (0.1 s)
visual input: dark -> 1 frames @ 60.0 fps, 3377 photoreceptors sampled
chem: ORN[ORN_DA1] -> 204 neurons (ORN_DA1), 150 pA x 1 pulses
chem calibration: CEN_C recurrence gain -> 0.002 (chem-run working point, exp019)
simulating 3.6 s ...
GPU forward buffers: 256 records, 1351 MB on device
pop-rate (1-2 s, Hz/neuron): Kenyon_Cell 2.21, MBON 4.52, ALPN 20.00
biology loop: 60 s (3600 records)
phi_scalp checksum: L2=3.825686e-04 (baseline A/B file: D:\Dav\CodeHub\Agent\male-fruit-fly-brain-map\bci\shunt\outputs\_trial_none_g0.5_x1\_debug_phi_scalp.npy)
stim view frames: D:\Dav\CodeHub\Agent\male-fruit-fly-brain-map\bci\shunt\outputs\_trial_none_g0.5_x1\stim_frames.bin (0.0 MB)
wrote D:\Dav\CodeHub\Agent\male-fruit-fly-brain-map\bci\shunt\outputs\_trial_none_g0.5_x1\viz_data.json (4.5 MB)
[acquire] sub_g0.5_x1
circuit cache: HIT circuit-693698e48fa257ee3380.npz (0.8 s)
regions: ON  = visual_bilateral, ol_rest, central_brain, olfactory
regions: OFF = audition, gustatory, proprioception, thermal, touch, vnc, vpn_central   <-- pass --regions to enable
al-gain: ALK split 19511 AL->KC pairs from CEN_C (gain=0.01)
mb-mod-gain: MBM split 8304 APL<->KC/MBON pairs from CEN_C (gain=0.5; 4162 modulator->, 4142 <-principal; use_sign, e_rev_inh=-0.08 V (PURE SHUNT))
pop-rate: Kenyon_Cell[4050], MBON[96], ALPN[680]
thought-experiment scale x202 (nominal x400), junction pinned at the occipital pole (shift 0.0 mm, brain-margin -0 um)
scalp kernel RL: 9636 dipoles (0 s)
scalp kernel LM: 49425 dipoles (1 s)
scalp kernel MT_Mi1: 46038 dipoles (1 s)
scalp kernel MT_Tm3: 39254 dipoles (1 s)
scalp kernel MT_Mi4: 23036 dipoles (2 s)
scalp kernel MT_Mi9: 31092 dipoles (2 s)
scalp kernel MT_Tm1: 35518 dipoles (2 s)
scalp kernel MT_Tm2: 35446 dipoles (2 s)
scalp kernel MT_Tm4: 32161 dipoles (3 s)
scalp kernel MT_Tm9: 47365 dipoles (3 s)
scalp kernel OLR_V: 300000 dipoles (9 s)
scalp kernel CEN_V: 152 dipoles (9 s)
scalp kernel CEN_R: 208073 dipoles (13 s)
scalp kernel CEN_C: 300000 dipoles (18 s)
scalp kernel ORN_C: 57489 dipoles (19 s)
scalp kernel ALK: 19511 dipoles (19 s)
scalp kernel MBM: 8304 dipoles (19 s)
scalp kernel PHOTO: 3377 dipoles (19 s)
scalp kernels built (S=400, 4-sphere, 17 electrodes, 19 s)
kernel rows per group: RL=9636, LM=49425, MT_Mi1=46038, MT_Tm3=39254, MT_Mi4=23036, MT_Mi9=31092, MT_Tm1=35518, MT_Tm2=35446, MT_Tm4=32161, MT_Tm9=47365, OLR_V=300000, CEN_V=152, CEN_R=208073, CEN_C=300000, ORN_C=57489, ALK=19511, MBM=8304, PHOTO=3377
kernel cache: saved kernels-a6df77d081f90c6ae153.npz (0.3 s)
visual input: dark -> 1 frames @ 60.0 fps, 3377 photoreceptors sampled
chem: ORN[ORN_DA1] -> 204 neurons (ORN_DA1), 150 pA x 1 pulses
chem calibration: CEN_C recurrence gain -> 0.002 (chem-run working point, exp019)
simulating 3.6 s ...
GPU forward buffers: 256 records, 1360 MB on device
pop-rate (1-2 s, Hz/neuron): Kenyon_Cell 999.60, MBON 649.28, ALPN 23.39
biology loop: 64 s (3600 records)
phi_scalp checksum: L2=2.738985e-03 (baseline A/B file: D:\Dav\CodeHub\Agent\male-fruit-fly-brain-map\bci\shunt\outputs\_trial_sub_g0.5_x1\_debug_phi_scalp.npy)
stim view frames: D:\Dav\CodeHub\Agent\male-fruit-fly-brain-map\bci\shunt\outputs\_trial_sub_g0.5_x1\stim_frames.bin (0.0 MB)
wrote D:\Dav\CodeHub\Agent\male-fruit-fly-brain-map\bci\shunt\outputs\_trial_sub_g0.5_x1\viz_data.json (4.4 MB)
[acquire] shunt_g0.5_x1
circuit cache: HIT circuit-693698e48fa257ee3380.npz (0.9 s)
regions: ON  = visual_bilateral, ol_rest, central_brain, olfactory
regions: OFF = audition, gustatory, proprioception, thermal, touch, vnc, vpn_central   <-- pass --regions to enable
al-gain: ALK split 19511 AL->KC pairs from CEN_C (gain=0.01)
mb-mod-gain: MBM split 8304 APL<->KC/MBON pairs from CEN_C (gain=0.5; 4162 modulator->, 4142 <-principal; use_sign, e_rev_inh=-0.06 V (PURE SHUNT))
pop-rate: Kenyon_Cell[4050], MBON[96], ALPN[680]
kernel cache: HIT kernels-a6df77d081f90c6ae153.npz (1.7 s)
visual input: dark -> 1 frames @ 60.0 fps, 3377 photoreceptors sampled
chem: ORN[ORN_DA1] -> 204 neurons (ORN_DA1), 150 pA x 1 pulses
chem calibration: CEN_C recurrence gain -> 0.002 (chem-run working point, exp019)
simulating 3.6 s ...
GPU forward buffers: 256 records, 1360 MB on device
pop-rate (1-2 s, Hz/neuron): Kenyon_Cell 999.60, MBON 648.08, ALPN 23.46
biology loop: 69 s (3600 records)
phi_scalp checksum: L2=2.729173e-03 (baseline A/B file: D:\Dav\CodeHub\Agent\male-fruit-fly-brain-map\bci\shunt\outputs\_trial_shunt_g0.5_x1\_debug_phi_scalp.npy)
stim view frames: D:\Dav\CodeHub\Agent\male-fruit-fly-brain-map\bci\shunt\outputs\_trial_shunt_g0.5_x1\stim_frames.bin (0.0 MB)
wrote D:\Dav\CodeHub\Agent\male-fruit-fly-brain-map\bci\shunt\outputs\_trial_shunt_g0.5_x1\viz_data.json (4.4 MB)
[acquire] none_g0.5_x4
circuit cache: HIT circuit-693698e48fa257ee3380.npz (0.8 s)
regions: ON  = visual_bilateral, ol_rest, central_brain, olfactory
regions: OFF = audition, gustatory, proprioception, thermal, touch, vnc, vpn_central   <-- pass --regions to enable
al-gain: ALK split 19511 AL->KC pairs from CEN_C (gain=0.01)
pop-rate: Kenyon_Cell[4050], MBON[96], ALPN[680]
kernel cache: HIT kernels-87ced315b31f1cb34497.npz (1.3 s)
visual input: dark -> 1 frames @ 60.0 fps, 3377 photoreceptors sampled
chem: ORN[ORN_DA1] -> 204 neurons (ORN_DA1), 600 pA x 1 pulses (x4 amp scale)
chem calibration: CEN_C recurrence gain -> 0.002 (chem-run working point, exp019)
simulating 3.6 s ...
GPU forward buffers: 256 records, 1351 MB on device
pop-rate (1-2 s, Hz/neuron): Kenyon_Cell 2.30, MBON 4.91, ALPN 20.63
biology loop: 60 s (3600 records)
phi_scalp checksum: L2=3.911366e-04 (baseline A/B file: D:\Dav\CodeHub\Agent\male-fruit-fly-brain-map\bci\shunt\outputs\_trial_none_g0.5_x4\_debug_phi_scalp.npy)
stim view frames: D:\Dav\CodeHub\Agent\male-fruit-fly-brain-map\bci\shunt\outputs\_trial_none_g0.5_x4\stim_frames.bin (0.0 MB)
wrote D:\Dav\CodeHub\Agent\male-fruit-fly-brain-map\bci\shunt\outputs\_trial_none_g0.5_x4\viz_data.json (4.5 MB)
[acquire] sub_g0.5_x4
circuit cache: HIT circuit-693698e48fa257ee3380.npz (2.0 s)
regions: ON  = visual_bilateral, ol_rest, central_brain, olfactory
regions: OFF = audition, gustatory, proprioception, thermal, touch, vnc, vpn_central   <-- pass --regions to enable
al-gain: ALK split 19511 AL->KC pairs from CEN_C (gain=0.01)
mb-mod-gain: MBM split 8304 APL<->KC/MBON pairs from CEN_C (gain=0.5; 4162 modulator->, 4142 <-principal; use_sign, e_rev_inh=-0.08 V (PURE SHUNT))
pop-rate: Kenyon_Cell[4050], MBON[96], ALPN[680]
kernel cache: HIT kernels-a6df77d081f90c6ae153.npz (1.8 s)
visual input: dark -> 1 frames @ 60.0 fps, 3377 photoreceptors sampled
chem: ORN[ORN_DA1] -> 204 neurons (ORN_DA1), 600 pA x 1 pulses (x4 amp scale)
chem calibration: CEN_C recurrence gain -> 0.002 (chem-run working point, exp019)
simulating 3.6 s ...
GPU forward buffers: 256 records, 1360 MB on device
pop-rate (1-2 s, Hz/neuron): Kenyon_Cell 999.60, MBON 647.77, ALPN 23.83
biology loop: 72 s (3600 records)
phi_scalp checksum: L2=2.793501e-03 (baseline A/B file: D:\Dav\CodeHub\Agent\male-fruit-fly-brain-map\bci\shunt\outputs\_trial_sub_g0.5_x4\_debug_phi_scalp.npy)
stim view frames: D:\Dav\CodeHub\Agent\male-fruit-fly-brain-map\bci\shunt\outputs\_trial_sub_g0.5_x4\stim_frames.bin (0.0 MB)
wrote D:\Dav\CodeHub\Agent\male-fruit-fly-brain-map\bci\shunt\outputs\_trial_sub_g0.5_x4\viz_data.json (4.4 MB)
[acquire] shunt_g0.5_x4
circuit cache: HIT circuit-693698e48fa257ee3380.npz (3.5 s)
regions: ON  = visual_bilateral, ol_rest, central_brain, olfactory
regions: OFF = audition, gustatory, proprioception, thermal, touch, vnc, vpn_central   <-- pass --regions to enable
al-gain: ALK split 19511 AL->KC pairs from CEN_C (gain=0.01)
mb-mod-gain: MBM split 8304 APL<->KC/MBON pairs from CEN_C (gain=0.5; 4162 modulator->, 4142 <-principal; use_sign, e_rev_inh=-0.06 V (PURE SHUNT))
pop-rate: Kenyon_Cell[4050], MBON[96], ALPN[680]
kernel cache: HIT kernels-a6df77d081f90c6ae153.npz (1.7 s)
visual input: dark -> 1 frames @ 60.0 fps, 3377 photoreceptors sampled
chem: ORN[ORN_DA1] -> 204 neurons (ORN_DA1), 600 pA x 1 pulses (x4 amp scale)
chem calibration: CEN_C recurrence gain -> 0.002 (chem-run working point, exp019)
simulating 3.6 s ...
GPU forward buffers: 256 records, 1360 MB on device
pop-rate (1-2 s, Hz/neuron): Kenyon_Cell 999.60, MBON 648.25, ALPN 24.13
biology loop: 65 s (3600 records)
phi_scalp checksum: L2=2.783435e-03 (baseline A/B file: D:\Dav\CodeHub\Agent\male-fruit-fly-brain-map\bci\shunt\outputs\_trial_shunt_g0.5_x4\_debug_phi_scalp.npy)
stim view frames: D:\Dav\CodeHub\Agent\male-fruit-fly-brain-map\bci\shunt\outputs\_trial_shunt_g0.5_x4\stim_frames.bin (0.0 MB)
wrote D:\Dav\CodeHub\Agent\male-fruit-fly-brain-map\bci\shunt\outputs\_trial_shunt_g0.5_x4\viz_data.json (4.4 MB)
[acquire] done -> D:\Dav\CodeHub\Agent\male-fruit-fly-brain-map\bci\shunt\outputs
