[acquire] pilot_blocked_r0_p10: D:\Dav\CodeHub\Agent\male-fruit-fly-brain-map\viz\export_data.py --regions visual_bilateral,ol_rest,central_brain,olfactory --visual-input dark --chem-input dangateA --plastic-mb --plastic-lr=-2e-7 --plastic-w0 0.03 --plastic-kcm-gain 0.015 --mbon-dan-gain 178 --plastic-dan-gate 150,0.02,400 --mbon-bias=-300 --t-end 5000.0 --seed 1042 --out D:\Dav\CodeHub\Agent\male-fruit-fly-brain-map\bci\dangate2\outputs\_trial_pilot_blocked_r0_p10 --gpu --plastic-state-out D:\Dav\CodeHub\Agent\male-fruit-fly-brain-map\bci\dangate2\outputs\states\pilot_blocked_r0_p10.npz
circuit cache: HIT circuit-693698e48fa257ee3380.npz (0.8 s)
regions: ON  = visual_bilateral, ol_rest, central_brain, olfactory
regions: OFF = audition, gustatory, proprioception, thermal, touch, vnc, vpn_central   <-- pass --regions to enable
plastic-mb: KCM split 33398 KC->MBON pairs (lr=-2e-07)
mbon-dan-gain: MBMD split 349 GABA MBON->DAN pairs from CEN_C (gain=178; 154 DAN_err cells)
dan-gate: monitoring DAN_err compartment (154 cells) -> 154 neurons, tau=150 ms, gain=0.02, t_ref=400 ms
kernel cache: HIT kernels-30e2613dc8e5dd8fe128.npz (0.1 s)
visual input: dark -> 1 frames @ 60.0 fps, 3377 photoreceptors sampled
chem: CEN[KCg-m@L] -> 687 neurons (KCg-m@L), 1600 pA x 1 pulses
chem: CEN[KCg-m@R] -> 652 neurons (KCg-m@R), 1600 pA x 1 pulses
chem: CEN[DAN_err] -> 154 neurons (DAN_err), 800 pA x 1 pulses
chem: CEN[KCg-m@L] -> 687 neurons (KCg-m@L), 1600 pA x 1 pulses
chem: CEN[KCg-m@R] -> 652 neurons (KCg-m@R), 1600 pA x 1 pulses
chem: CEN[MBON*] -> 96 neurons (MBON01@R, MBON02@R, MBON03@R, MBON04@R...), -300 pA x 1 pulses
chem calibration: CEN_C recurrence gain -> 0.002 (chem-run working point, exp019)
simulating 5.0 s ...
GPU forward buffers: 256 records, 1367 MB on device
dan-gate: baseline r0 = 0.00 Hz
plastic result KCM: w_scale mean 0.0618 min 0.0300 floor-hit 0/33398 | elig max 39.6477
dan-gate: trace 10000 steps -> D:\Dav\CodeHub\Agent\male-fruit-fly-brain-map\bci\dangate2\outputs\_trial_pilot_blocked_r0_p10\_dan_trace.npy | r max 51.5 Hz, r0 0.00 Hz, mod max 1.000, mod integral 1903.5 ms
biology loop: 89 s (5000 records)
phi_scalp checksum: L2=2.969770e-04 (baseline A/B file: D:\Dav\CodeHub\Agent\male-fruit-fly-brain-map\bci\dangate2\outputs\_trial_pilot_blocked_r0_p10\_debug_phi_scalp.npy)
background EEG: fly signal 0.25 uV vs bg 11.33 uV at 156 deg -> d'=2 needs ~8261 trials (band 2-20 Hz: ~101875)
stim view frames: D:\Dav\CodeHub\Agent\male-fruit-fly-brain-map\bci\dangate2\outputs\_trial_pilot_blocked_r0_p10\stim_frames.bin (0.0 MB)
wrote D:\Dav\CodeHub\Agent\male-fruit-fly-brain-map\bci\dangate2\outputs\_trial_pilot_blocked_r0_p10\viz_data.json (5.2 MB)
[acquire] pilot_blocked_r0_p11: D:\Dav\CodeHub\Agent\male-fruit-fly-brain-map\viz\export_data.py --regions visual_bilateral,ol_rest,central_brain,olfactory --visual-input dark --chem-input dangateA --plastic-mb --plastic-lr=-2e-7 --plastic-w0 0.03 --plastic-kcm-gain 0.015 --mbon-dan-gain 178 --plastic-dan-gate 150,0.02,400 --mbon-bias=-300 --t-end 5000.0 --seed 1043 --out D:\Dav\CodeHub\Agent\male-fruit-fly-brain-map\bci\dangate2\outputs\_trial_pilot_blocked_r0_p11 --gpu --plastic-state-out D:\Dav\CodeHub\Agent\male-fruit-fly-brain-map\bci\dangate2\outputs\states\pilot_blocked_r0_p11.npz --plastic-state-in D:\Dav\CodeHub\Agent\male-fruit-fly-brain-map\bci\dangate2\outputs\states\pilot_blocked_r0_p10.npz
circuit cache: HIT circuit-693698e48fa257ee3380.npz (0.8 s)
regions: ON  = visual_bilateral, ol_rest, central_brain, olfactory
regions: OFF = audition, gustatory, proprioception, thermal, touch, vnc, vpn_central   <-- pass --regions to enable
plastic-mb: KCM split 33398 KC->MBON pairs (lr=-2e-07)
mbon-dan-gain: MBMD split 349 GABA MBON->DAN pairs from CEN_C (gain=178; 154 DAN_err cells)
dan-gate: monitoring DAN_err compartment (154 cells) -> 154 neurons, tau=150 ms, gain=0.02, t_ref=400 ms
kernel cache: HIT kernels-30e2613dc8e5dd8fe128.npz (0.1 s)
visual input: dark -> 1 frames @ 60.0 fps, 3377 photoreceptors sampled
chem: CEN[KCg-m@L] -> 687 neurons (KCg-m@L), 1600 pA x 1 pulses
chem: CEN[KCg-m@R] -> 652 neurons (KCg-m@R), 1600 pA x 1 pulses
chem: CEN[DAN_err] -> 154 neurons (DAN_err), 800 pA x 1 pulses
chem: CEN[KCg-m@L] -> 687 neurons (KCg-m@L), 1600 pA x 1 pulses
chem: CEN[KCg-m@R] -> 652 neurons (KCg-m@R), 1600 pA x 1 pulses
chem: CEN[MBON*] -> 96 neurons (MBON01@R, MBON02@R, MBON03@R, MBON04@R...), -300 pA x 1 pulses
chem calibration: CEN_C recurrence gain -> 0.002 (chem-run working point, exp019)
simulating 5.0 s ...
plastic state IN KCM: w mean 0.0618 min 0.0300
GPU forward buffers: 256 records, 1367 MB on device
dan-gate: baseline r0 = 0.00 Hz
plastic result KCM: w_scale mean 0.0814 min 0.0300 floor-hit 0/33398 | elig max 39.6402
dan-gate: trace 10000 steps -> D:\Dav\CodeHub\Agent\male-fruit-fly-brain-map\bci\dangate2\outputs\_trial_pilot_blocked_r0_p11\_dan_trace.npy | r max 31.0 Hz, r0 0.00 Hz, mod max 0.620, mod integral 1183.1 ms
biology loop: 90 s (5000 records)
phi_scalp checksum: L2=2.936091e-04 (baseline A/B file: D:\Dav\CodeHub\Agent\male-fruit-fly-brain-map\bci\dangate2\outputs\_trial_pilot_blocked_r0_p11\_debug_phi_scalp.npy)
background EEG: fly signal 0.24 uV vs bg 11.33 uV at 156 deg -> d'=2 needs ~8944 trials (band 2-20 Hz: ~108213)
stim view frames: D:\Dav\CodeHub\Agent\male-fruit-fly-brain-map\bci\dangate2\outputs\_trial_pilot_blocked_r0_p11\stim_frames.bin (0.0 MB)
wrote D:\Dav\CodeHub\Agent\male-fruit-fly-brain-map\bci\dangate2\outputs\_trial_pilot_blocked_r0_p11\viz_data.json (5.2 MB)
[acquire] pilot_blocked_r0_p20: D:\Dav\CodeHub\Agent\male-fruit-fly-brain-map\viz\export_data.py --regions visual_bilateral,ol_rest,central_brain,olfactory --visual-input dark --chem-input dangateAB --plastic-mb --plastic-lr=-2e-7 --plastic-w0 0.03 --plastic-kcm-gain 0.015 --mbon-dan-gain 178 --plastic-dan-gate 150,0.02,400 --mbon-bias=-300 --t-end 5000.0 --seed 1042 --out D:\Dav\CodeHub\Agent\male-fruit-fly-brain-map\bci\dangate2\outputs\_trial_pilot_blocked_r0_p20 --gpu --plastic-state-out D:\Dav\CodeHub\Agent\male-fruit-fly-brain-map\bci\dangate2\outputs\states\pilot_blocked_r0_p20.npz --plastic-state-in D:\Dav\CodeHub\Agent\male-fruit-fly-brain-map\bci\dangate2\outputs\states\pilot_blocked_r0_p11.npz
circuit cache: HIT circuit-693698e48fa257ee3380.npz (0.8 s)
regions: ON  = visual_bilateral, ol_rest, central_brain, olfactory
regions: OFF = audition, gustatory, proprioception, thermal, touch, vnc, vpn_central   <-- pass --regions to enable
plastic-mb: KCM split 33398 KC->MBON pairs (lr=-2e-07)
mbon-dan-gain: MBMD split 349 GABA MBON->DAN pairs from CEN_C (gain=178; 154 DAN_err cells)
dan-gate: monitoring DAN_err compartment (154 cells) -> 154 neurons, tau=150 ms, gain=0.02, t_ref=400 ms
kernel cache: HIT kernels-30e2613dc8e5dd8fe128.npz (0.1 s)
visual input: dark -> 1 frames @ 60.0 fps, 3377 photoreceptors sampled
chem: CEN[KCg-m@L] -> 687 neurons (KCg-m@L), 1600 pA x 1 pulses
chem: CEN[KCg-m@R] -> 652 neurons (KCg-m@R), 1600 pA x 1 pulses
chem: CEN[DAN_err] -> 154 neurons (DAN_err), 800 pA x 1 pulses
chem: CEN[KCab-m@L] -> 307 neurons (KCab-m@L), 1600 pA x 1 pulses
chem: CEN[KCab-m@R] -> 223 neurons (KCab-m@R), 1600 pA x 1 pulses
chem: CEN[KCab-m@L] -> 307 neurons (KCab-m@L), 1600 pA x 1 pulses
chem: CEN[KCab-m@R] -> 223 neurons (KCab-m@R), 1600 pA x 1 pulses
chem: CEN[MBON*] -> 96 neurons (MBON01@R, MBON02@R, MBON03@R, MBON04@R...), -300 pA x 1 pulses
chem calibration: CEN_C recurrence gain -> 0.002 (chem-run working point, exp019)
simulating 5.0 s ...
plastic state IN KCM: w mean 0.0814 min 0.0300
GPU forward buffers: 256 records, 1367 MB on device
dan-gate: baseline r0 = 0.00 Hz
plastic result KCM: w_scale mean 0.1027 min 0.0300 floor-hit 0/33398 | elig max 38.2698
dan-gate: trace 10000 steps -> D:\Dav\CodeHub\Agent\male-fruit-fly-brain-map\bci\dangate2\outputs\_trial_pilot_blocked_r0_p20\_dan_trace.npy | r max 28.9 Hz, r0 0.00 Hz, mod max 0.579, mod integral 1010.7 ms
biology loop: 88 s (5000 records)
phi_scalp checksum: L2=2.831690e-04 (baseline A/B file: D:\Dav\CodeHub\Agent\male-fruit-fly-brain-map\bci\dangate2\outputs\_trial_pilot_blocked_r0_p20\_debug_phi_scalp.npy)
background EEG: fly signal 0.20 uV vs bg 11.33 uV at 156 deg -> d'=2 needs ~12431 trials (band 2-20 Hz: ~181363)
stim view frames: D:\Dav\CodeHub\Agent\male-fruit-fly-brain-map\bci\dangate2\outputs\_trial_pilot_blocked_r0_p20\stim_frames.bin (0.0 MB)
wrote D:\Dav\CodeHub\Agent\male-fruit-fly-brain-map\bci\dangate2\outputs\_trial_pilot_blocked_r0_p20\viz_data.json (5.2 MB)
[acquire] pilot_blocked_r0_p21: D:\Dav\CodeHub\Agent\male-fruit-fly-brain-map\viz\export_data.py --regions visual_bilateral,ol_rest,central_brain,olfactory --visual-input dark --chem-input dangateAB --plastic-mb --plastic-lr=-2e-7 --plastic-w0 0.03 --plastic-kcm-gain 0.015 --mbon-dan-gain 178 --plastic-dan-gate 150,0.02,400 --mbon-bias=-300 --t-end 5000.0 --seed 1043 --out D:\Dav\CodeHub\Agent\male-fruit-fly-brain-map\bci\dangate2\outputs\_trial_pilot_blocked_r0_p21 --gpu --plastic-state-out D:\Dav\CodeHub\Agent\male-fruit-fly-brain-map\bci\dangate2\outputs\states\pilot_blocked_r0_p21.npz --plastic-state-in D:\Dav\CodeHub\Agent\male-fruit-fly-brain-map\bci\dangate2\outputs\states\pilot_blocked_r0_p20.npz
circuit cache: HIT circuit-693698e48fa257ee3380.npz (0.8 s)
regions: ON  = visual_bilateral, ol_rest, central_brain, olfactory
regions: OFF = audition, gustatory, proprioception, thermal, touch, vnc, vpn_central   <-- pass --regions to enable
plastic-mb: KCM split 33398 KC->MBON pairs (lr=-2e-07)
mbon-dan-gain: MBMD split 349 GABA MBON->DAN pairs from CEN_C (gain=178; 154 DAN_err cells)
dan-gate: monitoring DAN_err compartment (154 cells) -> 154 neurons, tau=150 ms, gain=0.02, t_ref=400 ms
kernel cache: HIT kernels-30e2613dc8e5dd8fe128.npz (0.1 s)
visual input: dark -> 1 frames @ 60.0 fps, 3377 photoreceptors sampled
chem: CEN[KCg-m@L] -> 687 neurons (KCg-m@L), 1600 pA x 1 pulses
chem: CEN[KCg-m@R] -> 652 neurons (KCg-m@R), 1600 pA x 1 pulses
chem: CEN[DAN_err] -> 154 neurons (DAN_err), 800 pA x 1 pulses
chem: CEN[KCab-m@L] -> 307 neurons (KCab-m@L), 1600 pA x 1 pulses
chem: CEN[KCab-m@R] -> 223 neurons (KCab-m@R), 1600 pA x 1 pulses
chem: CEN[KCab-m@L] -> 307 neurons (KCab-m@L), 1600 pA x 1 pulses
chem: CEN[KCab-m@R] -> 223 neurons (KCab-m@R), 1600 pA x 1 pulses
chem: CEN[MBON*] -> 96 neurons (MBON01@R, MBON02@R, MBON03@R, MBON04@R...), -300 pA x 1 pulses
chem calibration: CEN_C recurrence gain -> 0.002 (chem-run working point, exp019)
simulating 5.0 s ...
plastic state IN KCM: w mean 0.1027 min 0.0300
GPU forward buffers: 256 records, 1367 MB on device
dan-gate: baseline r0 = 0.00 Hz
plastic result KCM: w_scale mean 0.1190 min 0.0300 floor-hit 0/33398 | elig max 38.7254
dan-gate: trace 10000 steps -> D:\Dav\CodeHub\Agent\male-fruit-fly-brain-map\bci\dangate2\outputs\_trial_pilot_blocked_r0_p21\_dan_trace.npy | r max 24.2 Hz, r0 0.00 Hz, mod max 0.484, mod integral 782.2 ms
biology loop: 88 s (5000 records)
phi_scalp checksum: L2=3.343560e-04 (baseline A/B file: D:\Dav\CodeHub\Agent\male-fruit-fly-brain-map\bci\dangate2\outputs\_trial_pilot_blocked_r0_p21\_debug_phi_scalp.npy)
background EEG: fly signal 0.17 uV vs bg 11.33 uV at 156 deg -> d'=2 needs ~17487 trials (band 2-20 Hz: ~174316)
stim view frames: D:\Dav\CodeHub\Agent\male-fruit-fly-brain-map\bci\dangate2\outputs\_trial_pilot_blocked_r0_p21\stim_frames.bin (0.0 MB)
wrote D:\Dav\CodeHub\Agent\male-fruit-fly-brain-map\bci\dangate2\outputs\_trial_pilot_blocked_r0_p21\viz_data.json (5.2 MB)
[acquire] pilot_blocked_r0_p22: D:\Dav\CodeHub\Agent\male-fruit-fly-brain-map\viz\export_data.py --regions visual_bilateral,ol_rest,central_brain,olfactory --visual-input dark --chem-input dangateAB --plastic-mb --plastic-lr=-2e-7 --plastic-w0 0.03 --plastic-kcm-gain 0.015 --mbon-dan-gain 178 --plastic-dan-gate 150,0.02,400 --mbon-bias=-300 --t-end 5000.0 --seed 1044 --out D:\Dav\CodeHub\Agent\male-fruit-fly-brain-map\bci\dangate2\outputs\_trial_pilot_blocked_r0_p22 --gpu --plastic-state-out D:\Dav\CodeHub\Agent\male-fruit-fly-brain-map\bci\dangate2\outputs\states\pilot_blocked_r0_p22.npz --plastic-state-in D:\Dav\CodeHub\Agent\male-fruit-fly-brain-map\bci\dangate2\outputs\states\pilot_blocked_r0_p21.npz
circuit cache: HIT circuit-693698e48fa257ee3380.npz (0.8 s)
regions: ON  = visual_bilateral, ol_rest, central_brain, olfactory
regions: OFF = audition, gustatory, proprioception, thermal, touch, vnc, vpn_central   <-- pass --regions to enable
plastic-mb: KCM split 33398 KC->MBON pairs (lr=-2e-07)
mbon-dan-gain: MBMD split 349 GABA MBON->DAN pairs from CEN_C (gain=178; 154 DAN_err cells)
dan-gate: monitoring DAN_err compartment (154 cells) -> 154 neurons, tau=150 ms, gain=0.02, t_ref=400 ms
kernel cache: HIT kernels-30e2613dc8e5dd8fe128.npz (0.1 s)
visual input: dark -> 1 frames @ 60.0 fps, 3377 photoreceptors sampled
chem: CEN[KCg-m@L] -> 687 neurons (KCg-m@L), 1600 pA x 1 pulses
chem: CEN[KCg-m@R] -> 652 neurons (KCg-m@R), 1600 pA x 1 pulses
chem: CEN[DAN_err] -> 154 neurons (DAN_err), 800 pA x 1 pulses
chem: CEN[KCab-m@L] -> 307 neurons (KCab-m@L), 1600 pA x 1 pulses
chem: CEN[KCab-m@R] -> 223 neurons (KCab-m@R), 1600 pA x 1 pulses
chem: CEN[KCab-m@L] -> 307 neurons (KCab-m@L), 1600 pA x 1 pulses
chem: CEN[KCab-m@R] -> 223 neurons (KCab-m@R), 1600 pA x 1 pulses
chem: CEN[MBON*] -> 96 neurons (MBON01@R, MBON02@R, MBON03@R, MBON04@R...), -300 pA x 1 pulses
chem calibration: CEN_C recurrence gain -> 0.002 (chem-run working point, exp019)
simulating 5.0 s ...
plastic state IN KCM: w mean 0.1190 min 0.0300
GPU forward buffers: 256 records, 1367 MB on device
dan-gate: baseline r0 = 0.00 Hz
plastic result KCM: w_scale mean 0.1339 min 0.0300 floor-hit 0/33398 | elig max 38.7634
dan-gate: trace 10000 steps -> D:\Dav\CodeHub\Agent\male-fruit-fly-brain-map\bci\dangate2\outputs\_trial_pilot_blocked_r0_p22\_dan_trace.npy | r max 17.7 Hz, r0 0.00 Hz, mod max 0.353, mod integral 712.1 ms
biology loop: 89 s (5000 records)
phi_scalp checksum: L2=3.368240e-04 (baseline A/B file: D:\Dav\CodeHub\Agent\male-fruit-fly-brain-map\bci\dangate2\outputs\_trial_pilot_blocked_r0_p22\_debug_phi_scalp.npy)
background EEG: fly signal 0.16 uV vs bg 11.33 uV at 156 deg -> d'=2 needs ~21042 trials (band 2-20 Hz: ~172827)
stim view frames: D:\Dav\CodeHub\Agent\male-fruit-fly-brain-map\bci\dangate2\outputs\_trial_pilot_blocked_r0_p22\stim_frames.bin (0.0 MB)
wrote D:\Dav\CodeHub\Agent\male-fruit-fly-brain-map\bci\dangate2\outputs\_trial_pilot_blocked_r0_p22\viz_data.json (5.2 MB)
[acquire] done -> D:\Dav\CodeHub\Agent\male-fruit-fly-brain-map\bci\dangate2\outputs
