[acquire] sz_l3_u0.0001_t20000_s616: std=CEN_C:0.0001,20000
circuit cache: HIT circuit-693698e48fa257ee3380.npz (1.9 s)
regions: ON  = visual_bilateral, ol_rest, central_brain, olfactory
regions: OFF = audition, gustatory, proprioception, thermal, touch, vnc, vpn_central   <-- pass --regions to enable
pop-rate: Kenyon_Cell[4050], MBON[96], ALPN[680], DAN[340]
kernel cache: HIT kernels-b00add889a9492c797e9.npz (1.2 s)
visual input: dark -> 1 frames @ 60.0 fps, 3377 photoreceptors sampled
std gate: CEN_C U=0.0001 tau_rec=20000 ms
chem: CEN[LAL*@L] -> 317 neurons (LAL001@L, LAL002@L, LAL003@L, LAL004@L...), 600 pA x 2 pulses
simulating 120.0 s ...
GPU forward buffers: 256 records, 1330 MB on device
std debug CEN_C: d mean 0.9458 min 0.3966 frac<0.5 0.021
pop-rate (1-2 s, Hz/neuron): Kenyon_Cell 57.71, MBON 300.40, ALPN 171.31, DAN 30.89
biology loop: 1791 s (120000 records)
phi_scalp checksum: L2=2.316237e-03 (baseline A/B file: D:\Dav\CodeHub\Agent\male-fruit-fly-brain-map\bci\sleep4\outputs\_trial_sz_l3_u0.0001_t20000_s616\_debug_phi_scalp.npy)
background EEG: fly signal 1.07 uV vs bg 11.03 uV at 156 deg -> d'=2 needs ~426 trials (band 2-20 Hz: ~4403)
stim view frames: D:\Dav\CodeHub\Agent\male-fruit-fly-brain-map\bci\sleep4\outputs\_trial_sz_l3_u0.0001_t20000_s616\stim_frames.bin (0.0 MB)
wrote D:\Dav\CodeHub\Agent\male-fruit-fly-brain-map\bci\sleep4\outputs\_trial_sz_l3_u0.0001_t20000_s616\viz_data.json (61.7 MB)
[acquire] sz_l3_u0.00015_t20000_s616: std=CEN_C:0.00015,20000
circuit cache: HIT circuit-693698e48fa257ee3380.npz (1.9 s)
regions: ON  = visual_bilateral, ol_rest, central_brain, olfactory
regions: OFF = audition, gustatory, proprioception, thermal, touch, vnc, vpn_central   <-- pass --regions to enable
pop-rate: Kenyon_Cell[4050], MBON[96], ALPN[680], DAN[340]
kernel cache: HIT kernels-b00add889a9492c797e9.npz (1.2 s)
visual input: dark -> 1 frames @ 60.0 fps, 3377 photoreceptors sampled
std gate: CEN_C U=0.00015 tau_rec=20000 ms
chem: CEN[LAL*@L] -> 317 neurons (LAL001@L, LAL002@L, LAL003@L, LAL004@L...), 600 pA x 2 pulses
simulating 120.0 s ...
GPU forward buffers: 256 records, 1330 MB on device
std debug CEN_C: d mean 0.9709 min 0.4540 frac<0.5 0.011
pop-rate (1-2 s, Hz/neuron): Kenyon_Cell 54.62, MBON 299.06, ALPN 160.30, DAN 25.88
biology loop: 1787 s (120000 records)
phi_scalp checksum: L2=1.896288e-03 (baseline A/B file: D:\Dav\CodeHub\Agent\male-fruit-fly-brain-map\bci\sleep4\outputs\_trial_sz_l3_u0.00015_t20000_s616\_debug_phi_scalp.npy)
background EEG: fly signal 1.25 uV vs bg 11.03 uV at 156 deg -> d'=2 needs ~313 trials (band 2-20 Hz: ~3214)
stim view frames: D:\Dav\CodeHub\Agent\male-fruit-fly-brain-map\bci\sleep4\outputs\_trial_sz_l3_u0.00015_t20000_s616\stim_frames.bin (0.0 MB)
wrote D:\Dav\CodeHub\Agent\male-fruit-fly-brain-map\bci\sleep4\outputs\_trial_sz_l3_u0.00015_t20000_s616\viz_data.json (61.7 MB)
[acquire] done -> D:\Dav\CodeHub\Agent\male-fruit-fly-brain-map\bci\sleep4\outputs
