[acquire] sz_l1_u0.00015_t10000_s616: std=CEN_C:0.00015,10000
circuit cache: HIT circuit-693698e48fa257ee3380.npz (0.9 s)
regions: ON  = visual_bilateral, ol_rest, central_brain, olfactory
regions: OFF = audition, gustatory, proprioception, thermal, touch, vnc, vpn_central   <-- pass --regions to enable
pop-rate: Kenyon_Cell[4050], MBON[96], ALPN[680], DAN[340]
kernel cache: HIT kernels-b00add889a9492c797e9.npz (1.2 s)
visual input: dark -> 1 frames @ 60.0 fps, 3377 photoreceptors sampled
std gate: CEN_C U=0.00015 tau_rec=10000 ms
chem: CEN[LAL*@L] -> 317 neurons (LAL001@L, LAL002@L, LAL003@L, LAL004@L...), 600 pA x 1 pulses
simulating 90.0 s ...
GPU forward buffers: 256 records, 1330 MB on device
std debug CEN_C: d mean 0.9794 min 0.2500 frac<0.5 0.003
pop-rate (1-2 s, Hz/neuron): Kenyon_Cell 54.94, MBON 292.56, ALPN 161.60, DAN 26.54
biology loop: 956 s (90000 records)
phi_scalp checksum: L2=1.938400e-03 (baseline A/B file: D:\Dav\CodeHub\Agent\male-fruit-fly-brain-map\bci\sleep4\outputs\_trial_sz_l1_u0.00015_t10000_s616\_debug_phi_scalp.npy)
background EEG: fly signal 1.17 uV vs bg 11.40 uV at 156 deg -> d'=2 needs ~380 trials (band 2-20 Hz: ~3683)
stim view frames: D:\Dav\CodeHub\Agent\male-fruit-fly-brain-map\bci\sleep4\outputs\_trial_sz_l1_u0.00015_t10000_s616\stim_frames.bin (0.0 MB)
wrote D:\Dav\CodeHub\Agent\male-fruit-fly-brain-map\bci\sleep4\outputs\_trial_sz_l1_u0.00015_t10000_s616\viz_data.json (46.9 MB)
[acquire] sz_l1_u0.00015_t10000_s617: std=CEN_C:0.00015,10000
circuit cache: HIT circuit-693698e48fa257ee3380.npz (1.9 s)
regions: ON  = visual_bilateral, ol_rest, central_brain, olfactory
regions: OFF = audition, gustatory, proprioception, thermal, touch, vnc, vpn_central   <-- pass --regions to enable
pop-rate: Kenyon_Cell[4050], MBON[96], ALPN[680], DAN[340]
kernel cache: HIT kernels-b00add889a9492c797e9.npz (0.3 s)
visual input: dark -> 1 frames @ 60.0 fps, 3377 photoreceptors sampled
std gate: CEN_C U=0.00015 tau_rec=10000 ms
chem: CEN[LAL*@L] -> 317 neurons (LAL001@L, LAL002@L, LAL003@L, LAL004@L...), 600 pA x 1 pulses
simulating 90.0 s ...
GPU forward buffers: 256 records, 1330 MB on device
std debug CEN_C: d mean 0.9794 min 0.2500 frac<0.5 0.003
pop-rate (1-2 s, Hz/neuron): Kenyon_Cell 54.03, MBON 289.11, ALPN 158.16, DAN 26.51
biology loop: 1326 s (90000 records)
phi_scalp checksum: L2=1.938523e-03 (baseline A/B file: D:\Dav\CodeHub\Agent\male-fruit-fly-brain-map\bci\sleep4\outputs\_trial_sz_l1_u0.00015_t10000_s617\_debug_phi_scalp.npy)
background EEG: fly signal 1.18 uV vs bg 11.40 uV at 156 deg -> d'=2 needs ~376 trials (band 2-20 Hz: ~3701)
stim view frames: D:\Dav\CodeHub\Agent\male-fruit-fly-brain-map\bci\sleep4\outputs\_trial_sz_l1_u0.00015_t10000_s617\stim_frames.bin (0.0 MB)
wrote D:\Dav\CodeHub\Agent\male-fruit-fly-brain-map\bci\sleep4\outputs\_trial_sz_l1_u0.00015_t10000_s617\viz_data.json (46.9 MB)
[acquire] done -> D:\Dav\CodeHub\Agent\male-fruit-fly-brain-map\bci\sleep4\outputs
