[acquire] pilot_comp_blocked_r0_p10: D:\Dav\CodeHub\Agent\male-fruit-fly-brain-map\viz\export_data.py --regions visual_bilateral,ol_rest,central_brain,olfactory --visual-input dark --chem-input compA --plastic-mb --plastic-lr=-2e-7 --plastic-w0 0.03 --plastic-kcm-gain 0.015 --mbon-dan-gain 178 --plastic-dan-gate 150,0.02,400 --mbon-bias=-300 --t-end 5000.0 --seed 1042 --out D:\Dav\CodeHub\Agent\male-fruit-fly-brain-map\bci\comp1\outputs\_trial_pilot_comp_blocked_r0_p10 --gpu --plastic-state-out D:\Dav\CodeHub\Agent\male-fruit-fly-brain-map\bci\comp1\outputs\states\pilot_comp_blocked_r0_p10.npz --plastic-comp-reward PAM07*
circuit cache: HIT circuit-693698e48fa257ee3380.npz (1.0 s)
regions: ON  = visual_bilateral, ol_rest, central_brain, olfactory
regions: OFF = audition, gustatory, proprioception, thermal, touch, vnc, vpn_central   <-- pass --regions to enable
plastic-mb: KCM split 33398 KC->MBON pairs (lr=-2e-07)
mbon-dan-gain: MBMD split 349 GABA MBON->DAN pairs from CEN_C (gain=178; 154 DAN_err cells)
comp-reward: PAM07* -> 14 DAN cells, 14 feedback MBONs
dan-gate: monitoring compartment PAM07* (14 cells) -> 14 neurons, tau=150 ms, gain=0.02, t_ref=400 ms; comp gate 4582/33398 edges
thought-experiment scale x202 (nominal x400), junction pinned at the occipital pole (shift 0.0 mm, brain-margin -0 um)
scalp kernel RL: 9636 dipoles (0 s)
scalp kernel LM: 49425 dipoles (1 s)
scalp kernel MT_Mi1: 46038 dipoles (1 s)
scalp kernel MT_Tm3: 39254 dipoles (1 s)
scalp kernel MT_Mi4: 23036 dipoles (1 s)
scalp kernel MT_Mi9: 31092 dipoles (2 s)
scalp kernel MT_Tm1: 35518 dipoles (2 s)
scalp kernel MT_Tm2: 35446 dipoles (2 s)
scalp kernel MT_Tm4: 32161 dipoles (3 s)
scalp kernel MT_Tm9: 47365 dipoles (3 s)
scalp kernel OLR_V: 300000 dipoles (10 s)
scalp kernel CEN_V: 152 dipoles (10 s)
scalp kernel CEN_R: 208073 dipoles (14 s)
scalp kernel CEN_C: 300000 dipoles (20 s)
scalp kernel ORN_C: 57489 dipoles (21 s)
scalp kernel KCM: 33398 dipoles (21 s)
scalp kernel MBMD: 349 dipoles (21 s)
scalp kernel PHOTO: 3377 dipoles (21 s)
scalp kernels built (S=400, 4-sphere, 17 electrodes, 21 s)
kernel rows per group: RL=9636, LM=49425, MT_Mi1=46038, MT_Tm3=39254, MT_Mi4=23036, MT_Mi9=31092, MT_Tm1=35518, MT_Tm2=35446, MT_Tm4=32161, MT_Tm9=47365, OLR_V=300000, CEN_V=152, CEN_R=208073, CEN_C=300000, ORN_C=57489, KCM=33398, MBMD=349, PHOTO=3377
kernel cache: saved kernels-03f7b25805ae69ff754e.npz (0.2 s)
visual input: dark -> 1 frames @ 60.0 fps, 3377 photoreceptors sampled
chem: CEN[KCg-m@L] -> 687 neurons (KCg-m@L), 1600 pA x 1 pulses
chem: CEN[KCg-m@R] -> 652 neurons (KCg-m@R), 1600 pA x 1 pulses
chem: CEN[PAM07*] -> 14 neurons (PAM07@L, PAM07@R), 800 pA x 1 pulses
chem: CEN[KCg-m@L] -> 687 neurons (KCg-m@L), 1600 pA x 1 pulses
chem: CEN[KCg-m@R] -> 652 neurons (KCg-m@R), 1600 pA x 1 pulses
chem: CEN[MBON*] -> 96 neurons (MBON01@R, MBON02@R, MBON03@R, MBON04@R...), -300 pA x 1 pulses
chem calibration: CEN_C recurrence gain -> 0.002 (chem-run working point, exp019)
simulating 5.0 s ...
GPU forward buffers: 256 records, 1367 MB on device
dan-gate: baseline r0 = 0.00 Hz
plastic result KCM: w_scale mean 0.0300 min 0.0300 floor-hit 0/33398 | elig max 39.6483
dan-gate: trace 10000 steps -> D:\Dav\CodeHub\Agent\male-fruit-fly-brain-map\bci\comp1\outputs\_trial_pilot_comp_blocked_r0_p10\_dan_trace.npy | r max 6.3 Hz, r0 0.00 Hz, mod max 0.126, mod integral 20.0 ms
biology loop: 59 s (5000 records)
phi_scalp checksum: L2=3.005863e-04 (baseline A/B file: D:\Dav\CodeHub\Agent\male-fruit-fly-brain-map\bci\comp1\outputs\_trial_pilot_comp_blocked_r0_p10\_debug_phi_scalp.npy)
background EEG: fly signal 0.27 uV vs bg 11.33 uV at 156 deg -> d'=2 needs ~6911 trials (band 2-20 Hz: ~89807)
stim view frames: D:\Dav\CodeHub\Agent\male-fruit-fly-brain-map\bci\comp1\outputs\_trial_pilot_comp_blocked_r0_p10\stim_frames.bin (0.0 MB)
wrote D:\Dav\CodeHub\Agent\male-fruit-fly-brain-map\bci\comp1\outputs\_trial_pilot_comp_blocked_r0_p10\viz_data.json (5.2 MB)
[acquire] pilot_comp_blocked_r0_p11: D:\Dav\CodeHub\Agent\male-fruit-fly-brain-map\viz\export_data.py --regions visual_bilateral,ol_rest,central_brain,olfactory --visual-input dark --chem-input compA --plastic-mb --plastic-lr=-2e-7 --plastic-w0 0.03 --plastic-kcm-gain 0.015 --mbon-dan-gain 178 --plastic-dan-gate 150,0.02,400 --mbon-bias=-300 --t-end 5000.0 --seed 1043 --out D:\Dav\CodeHub\Agent\male-fruit-fly-brain-map\bci\comp1\outputs\_trial_pilot_comp_blocked_r0_p11 --gpu --plastic-state-out D:\Dav\CodeHub\Agent\male-fruit-fly-brain-map\bci\comp1\outputs\states\pilot_comp_blocked_r0_p11.npz --plastic-comp-reward PAM07* --plastic-state-in D:\Dav\CodeHub\Agent\male-fruit-fly-brain-map\bci\comp1\outputs\states\pilot_comp_blocked_r0_p10.npz
circuit cache: HIT circuit-693698e48fa257ee3380.npz (0.9 s)
regions: ON  = visual_bilateral, ol_rest, central_brain, olfactory
regions: OFF = audition, gustatory, proprioception, thermal, touch, vnc, vpn_central   <-- pass --regions to enable
plastic-mb: KCM split 33398 KC->MBON pairs (lr=-2e-07)
mbon-dan-gain: MBMD split 349 GABA MBON->DAN pairs from CEN_C (gain=178; 154 DAN_err cells)
comp-reward: PAM07* -> 14 DAN cells, 14 feedback MBONs
dan-gate: monitoring compartment PAM07* (14 cells) -> 14 neurons, tau=150 ms, gain=0.02, t_ref=400 ms; comp gate 4582/33398 edges
kernel cache: HIT kernels-03f7b25805ae69ff754e.npz (0.1 s)
visual input: dark -> 1 frames @ 60.0 fps, 3377 photoreceptors sampled
chem: CEN[KCg-m@L] -> 687 neurons (KCg-m@L), 1600 pA x 1 pulses
chem: CEN[KCg-m@R] -> 652 neurons (KCg-m@R), 1600 pA x 1 pulses
chem: CEN[PAM07*] -> 14 neurons (PAM07@L, PAM07@R), 800 pA x 1 pulses
chem: CEN[KCg-m@L] -> 687 neurons (KCg-m@L), 1600 pA x 1 pulses
chem: CEN[KCg-m@R] -> 652 neurons (KCg-m@R), 1600 pA x 1 pulses
chem: CEN[MBON*] -> 96 neurons (MBON01@R, MBON02@R, MBON03@R, MBON04@R...), -300 pA x 1 pulses
chem calibration: CEN_C recurrence gain -> 0.002 (chem-run working point, exp019)
simulating 5.0 s ...
plastic state IN KCM: w mean 0.0300 min 0.0300
GPU forward buffers: 256 records, 1367 MB on device
dan-gate: baseline r0 = 0.00 Hz
plastic result KCM: w_scale mean 0.0301 min 0.0300 floor-hit 0/33398 | elig max 39.5834
dan-gate: trace 10000 steps -> D:\Dav\CodeHub\Agent\male-fruit-fly-brain-map\bci\comp1\outputs\_trial_pilot_comp_blocked_r0_p11\_dan_trace.npy | r max 7.7 Hz, r0 0.00 Hz, mod max 0.153, mod integral 24.3 ms
biology loop: 57 s (5000 records)
phi_scalp checksum: L2=3.008681e-04 (baseline A/B file: D:\Dav\CodeHub\Agent\male-fruit-fly-brain-map\bci\comp1\outputs\_trial_pilot_comp_blocked_r0_p11\_debug_phi_scalp.npy)
background EEG: fly signal 0.27 uV vs bg 11.33 uV at 156 deg -> d'=2 needs ~6898 trials (band 2-20 Hz: ~88706)
stim view frames: D:\Dav\CodeHub\Agent\male-fruit-fly-brain-map\bci\comp1\outputs\_trial_pilot_comp_blocked_r0_p11\stim_frames.bin (0.0 MB)
wrote D:\Dav\CodeHub\Agent\male-fruit-fly-brain-map\bci\comp1\outputs\_trial_pilot_comp_blocked_r0_p11\viz_data.json (5.2 MB)
[acquire] pilot_comp_blocked_r0_p20: D:\Dav\CodeHub\Agent\male-fruit-fly-brain-map\viz\export_data.py --regions visual_bilateral,ol_rest,central_brain,olfactory --visual-input dark --chem-input compAB --plastic-mb --plastic-lr=-2e-7 --plastic-w0 0.03 --plastic-kcm-gain 0.015 --mbon-dan-gain 178 --plastic-dan-gate 150,0.02,400 --mbon-bias=-300 --t-end 5000.0 --seed 1042 --out D:\Dav\CodeHub\Agent\male-fruit-fly-brain-map\bci\comp1\outputs\_trial_pilot_comp_blocked_r0_p20 --gpu --plastic-state-out D:\Dav\CodeHub\Agent\male-fruit-fly-brain-map\bci\comp1\outputs\states\pilot_comp_blocked_r0_p20.npz --plastic-comp-reward PAM07* --plastic-state-in D:\Dav\CodeHub\Agent\male-fruit-fly-brain-map\bci\comp1\outputs\states\pilot_comp_blocked_r0_p11.npz
circuit cache: HIT circuit-693698e48fa257ee3380.npz (0.9 s)
regions: ON  = visual_bilateral, ol_rest, central_brain, olfactory
regions: OFF = audition, gustatory, proprioception, thermal, touch, vnc, vpn_central   <-- pass --regions to enable
plastic-mb: KCM split 33398 KC->MBON pairs (lr=-2e-07)
mbon-dan-gain: MBMD split 349 GABA MBON->DAN pairs from CEN_C (gain=178; 154 DAN_err cells)
comp-reward: PAM07* -> 14 DAN cells, 14 feedback MBONs
dan-gate: monitoring compartment PAM07* (14 cells) -> 14 neurons, tau=150 ms, gain=0.02, t_ref=400 ms; comp gate 4582/33398 edges
kernel cache: HIT kernels-03f7b25805ae69ff754e.npz (0.1 s)
visual input: dark -> 1 frames @ 60.0 fps, 3377 photoreceptors sampled
chem: CEN[KCg-m@L] -> 687 neurons (KCg-m@L), 1600 pA x 1 pulses
chem: CEN[KCg-m@R] -> 652 neurons (KCg-m@R), 1600 pA x 1 pulses
chem: CEN[PAM07*] -> 14 neurons (PAM07@L, PAM07@R), 800 pA x 1 pulses
chem: CEN[KCab-m@L] -> 307 neurons (KCab-m@L), 1600 pA x 1 pulses
chem: CEN[KCab-m@R] -> 223 neurons (KCab-m@R), 1600 pA x 1 pulses
chem: CEN[KCab-m@L] -> 307 neurons (KCab-m@L), 1600 pA x 1 pulses
chem: CEN[KCab-m@R] -> 223 neurons (KCab-m@R), 1600 pA x 1 pulses
chem: CEN[MBON*] -> 96 neurons (MBON01@R, MBON02@R, MBON03@R, MBON04@R...), -300 pA x 1 pulses
chem calibration: CEN_C recurrence gain -> 0.002 (chem-run working point, exp019)
simulating 5.0 s ...
plastic state IN KCM: w mean 0.0301 min 0.0300
GPU forward buffers: 256 records, 1367 MB on device
dan-gate: baseline r0 = 0.00 Hz
plastic result KCM: w_scale mean 0.0301 min 0.0300 floor-hit 0/33398 | elig max 38.2698
dan-gate: trace 10000 steps -> D:\Dav\CodeHub\Agent\male-fruit-fly-brain-map\bci\comp1\outputs\_trial_pilot_comp_blocked_r0_p20\_dan_trace.npy | r max 5.9 Hz, r0 0.00 Hz, mod max 0.118, mod integral 18.6 ms
biology loop: 56 s (5000 records)
phi_scalp checksum: L2=2.928622e-04 (baseline A/B file: D:\Dav\CodeHub\Agent\male-fruit-fly-brain-map\bci\comp1\outputs\_trial_pilot_comp_blocked_r0_p20\_debug_phi_scalp.npy)
background EEG: fly signal 0.25 uV vs bg 11.33 uV at 156 deg -> d'=2 needs ~8289 trials (band 2-20 Hz: ~165729)
stim view frames: D:\Dav\CodeHub\Agent\male-fruit-fly-brain-map\bci\comp1\outputs\_trial_pilot_comp_blocked_r0_p20\stim_frames.bin (0.0 MB)
wrote D:\Dav\CodeHub\Agent\male-fruit-fly-brain-map\bci\comp1\outputs\_trial_pilot_comp_blocked_r0_p20\viz_data.json (5.2 MB)
[acquire] pilot_comp_blocked_r0_p21: D:\Dav\CodeHub\Agent\male-fruit-fly-brain-map\viz\export_data.py --regions visual_bilateral,ol_rest,central_brain,olfactory --visual-input dark --chem-input compAB --plastic-mb --plastic-lr=-2e-7 --plastic-w0 0.03 --plastic-kcm-gain 0.015 --mbon-dan-gain 178 --plastic-dan-gate 150,0.02,400 --mbon-bias=-300 --t-end 5000.0 --seed 1043 --out D:\Dav\CodeHub\Agent\male-fruit-fly-brain-map\bci\comp1\outputs\_trial_pilot_comp_blocked_r0_p21 --gpu --plastic-state-out D:\Dav\CodeHub\Agent\male-fruit-fly-brain-map\bci\comp1\outputs\states\pilot_comp_blocked_r0_p21.npz --plastic-comp-reward PAM07* --plastic-state-in D:\Dav\CodeHub\Agent\male-fruit-fly-brain-map\bci\comp1\outputs\states\pilot_comp_blocked_r0_p20.npz
circuit cache: HIT circuit-693698e48fa257ee3380.npz (0.9 s)
regions: ON  = visual_bilateral, ol_rest, central_brain, olfactory
regions: OFF = audition, gustatory, proprioception, thermal, touch, vnc, vpn_central   <-- pass --regions to enable
plastic-mb: KCM split 33398 KC->MBON pairs (lr=-2e-07)
mbon-dan-gain: MBMD split 349 GABA MBON->DAN pairs from CEN_C (gain=178; 154 DAN_err cells)
comp-reward: PAM07* -> 14 DAN cells, 14 feedback MBONs
dan-gate: monitoring compartment PAM07* (14 cells) -> 14 neurons, tau=150 ms, gain=0.02, t_ref=400 ms; comp gate 4582/33398 edges
kernel cache: HIT kernels-03f7b25805ae69ff754e.npz (0.1 s)
visual input: dark -> 1 frames @ 60.0 fps, 3377 photoreceptors sampled
chem: CEN[KCg-m@L] -> 687 neurons (KCg-m@L), 1600 pA x 1 pulses
chem: CEN[KCg-m@R] -> 652 neurons (KCg-m@R), 1600 pA x 1 pulses
chem: CEN[PAM07*] -> 14 neurons (PAM07@L, PAM07@R), 800 pA x 1 pulses
chem: CEN[KCab-m@L] -> 307 neurons (KCab-m@L), 1600 pA x 1 pulses
chem: CEN[KCab-m@R] -> 223 neurons (KCab-m@R), 1600 pA x 1 pulses
chem: CEN[KCab-m@L] -> 307 neurons (KCab-m@L), 1600 pA x 1 pulses
chem: CEN[KCab-m@R] -> 223 neurons (KCab-m@R), 1600 pA x 1 pulses
chem: CEN[MBON*] -> 96 neurons (MBON01@R, MBON02@R, MBON03@R, MBON04@R...), -300 pA x 1 pulses
chem calibration: CEN_C recurrence gain -> 0.002 (chem-run working point, exp019)
simulating 5.0 s ...
plastic state IN KCM: w mean 0.0301 min 0.0300
GPU forward buffers: 256 records, 1367 MB on device
dan-gate: baseline r0 = 0.00 Hz
plastic result KCM: w_scale mean 0.0301 min 0.0300 floor-hit 0/33398 | elig max 38.3236
dan-gate: trace 10000 steps -> D:\Dav\CodeHub\Agent\male-fruit-fly-brain-map\bci\comp1\outputs\_trial_pilot_comp_blocked_r0_p21\_dan_trace.npy | r max 7.2 Hz, r0 0.00 Hz, mod max 0.144, mod integral 22.9 ms
biology loop: 56 s (5000 records)
phi_scalp checksum: L2=2.930670e-04 (baseline A/B file: D:\Dav\CodeHub\Agent\male-fruit-fly-brain-map\bci\comp1\outputs\_trial_pilot_comp_blocked_r0_p21\_debug_phi_scalp.npy)
background EEG: fly signal 0.25 uV vs bg 11.33 uV at 156 deg -> d'=2 needs ~8229 trials (band 2-20 Hz: ~166266)
stim view frames: D:\Dav\CodeHub\Agent\male-fruit-fly-brain-map\bci\comp1\outputs\_trial_pilot_comp_blocked_r0_p21\stim_frames.bin (0.0 MB)
wrote D:\Dav\CodeHub\Agent\male-fruit-fly-brain-map\bci\comp1\outputs\_trial_pilot_comp_blocked_r0_p21\viz_data.json (5.2 MB)
[acquire] pilot_comp_blocked_r0_p22: D:\Dav\CodeHub\Agent\male-fruit-fly-brain-map\viz\export_data.py --regions visual_bilateral,ol_rest,central_brain,olfactory --visual-input dark --chem-input compAB --plastic-mb --plastic-lr=-2e-7 --plastic-w0 0.03 --plastic-kcm-gain 0.015 --mbon-dan-gain 178 --plastic-dan-gate 150,0.02,400 --mbon-bias=-300 --t-end 5000.0 --seed 1044 --out D:\Dav\CodeHub\Agent\male-fruit-fly-brain-map\bci\comp1\outputs\_trial_pilot_comp_blocked_r0_p22 --gpu --plastic-state-out D:\Dav\CodeHub\Agent\male-fruit-fly-brain-map\bci\comp1\outputs\states\pilot_comp_blocked_r0_p22.npz --plastic-comp-reward PAM07* --plastic-state-in D:\Dav\CodeHub\Agent\male-fruit-fly-brain-map\bci\comp1\outputs\states\pilot_comp_blocked_r0_p21.npz
circuit cache: HIT circuit-693698e48fa257ee3380.npz (0.9 s)
regions: ON  = visual_bilateral, ol_rest, central_brain, olfactory
regions: OFF = audition, gustatory, proprioception, thermal, touch, vnc, vpn_central   <-- pass --regions to enable
plastic-mb: KCM split 33398 KC->MBON pairs (lr=-2e-07)
mbon-dan-gain: MBMD split 349 GABA MBON->DAN pairs from CEN_C (gain=178; 154 DAN_err cells)
comp-reward: PAM07* -> 14 DAN cells, 14 feedback MBONs
dan-gate: monitoring compartment PAM07* (14 cells) -> 14 neurons, tau=150 ms, gain=0.02, t_ref=400 ms; comp gate 4582/33398 edges
kernel cache: HIT kernels-03f7b25805ae69ff754e.npz (0.1 s)
visual input: dark -> 1 frames @ 60.0 fps, 3377 photoreceptors sampled
chem: CEN[KCg-m@L] -> 687 neurons (KCg-m@L), 1600 pA x 1 pulses
chem: CEN[KCg-m@R] -> 652 neurons (KCg-m@R), 1600 pA x 1 pulses
chem: CEN[PAM07*] -> 14 neurons (PAM07@L, PAM07@R), 800 pA x 1 pulses
chem: CEN[KCab-m@L] -> 307 neurons (KCab-m@L), 1600 pA x 1 pulses
chem: CEN[KCab-m@R] -> 223 neurons (KCab-m@R), 1600 pA x 1 pulses
chem: CEN[KCab-m@L] -> 307 neurons (KCab-m@L), 1600 pA x 1 pulses
chem: CEN[KCab-m@R] -> 223 neurons (KCab-m@R), 1600 pA x 1 pulses
chem: CEN[MBON*] -> 96 neurons (MBON01@R, MBON02@R, MBON03@R, MBON04@R...), -300 pA x 1 pulses
chem calibration: CEN_C recurrence gain -> 0.002 (chem-run working point, exp019)
simulating 5.0 s ...
plastic state IN KCM: w mean 0.0301 min 0.0300
GPU forward buffers: 256 records, 1367 MB on device
dan-gate: baseline r0 = 0.00 Hz
plastic result KCM: w_scale mean 0.0302 min 0.0300 floor-hit 0/33398 | elig max 38.3233
dan-gate: trace 10000 steps -> D:\Dav\CodeHub\Agent\male-fruit-fly-brain-map\bci\comp1\outputs\_trial_pilot_comp_blocked_r0_p22\_dan_trace.npy | r max 6.4 Hz, r0 0.00 Hz, mod max 0.128, mod integral 20.0 ms
biology loop: 56 s (5000 records)
phi_scalp checksum: L2=2.920273e-04 (baseline A/B file: D:\Dav\CodeHub\Agent\male-fruit-fly-brain-map\bci\comp1\outputs\_trial_pilot_comp_blocked_r0_p22\_debug_phi_scalp.npy)
background EEG: fly signal 0.25 uV vs bg 11.33 uV at 156 deg -> d'=2 needs ~8433 trials (band 2-20 Hz: ~163994)
stim view frames: D:\Dav\CodeHub\Agent\male-fruit-fly-brain-map\bci\comp1\outputs\_trial_pilot_comp_blocked_r0_p22\stim_frames.bin (0.0 MB)
wrote D:\Dav\CodeHub\Agent\male-fruit-fly-brain-map\bci\comp1\outputs\_trial_pilot_comp_blocked_r0_p22\viz_data.json (5.2 MB)
[acquire] done -> D:\Dav\CodeHub\Agent\male-fruit-fly-brain-map\bci\comp1\outputs
