[acquire] pilot_blocked_r0_p10: D:\Dav\CodeHub\Agent\male-fruit-fly-brain-map\viz\export_data.py --regions visual_bilateral,ol_rest,central_brain,olfactory --visual-input dark --chem-input dangateA --plastic-mb --plastic-lr=-1e-6 --plastic-w0 0.1 --plastic-kcm-gain 30 --mbon-dan-gain 5 --plastic-dan-gate 150,0.05,400 --t-end 5000.0 --seed 942 --out D:\Dav\CodeHub\Agent\male-fruit-fly-brain-map\bci\dangate\outputs\_trial_pilot_blocked_r0_p10 --gpu --plastic-state-out D:\Dav\CodeHub\Agent\male-fruit-fly-brain-map\bci\dangate\outputs\states\pilot_blocked_r0_p10.npz
circuit cache: HIT circuit-693698e48fa257ee3380.npz (0.9 s)
regions: ON  = visual_bilateral, ol_rest, central_brain, olfactory
regions: OFF = audition, gustatory, proprioception, thermal, touch, vnc, vpn_central   <-- pass --regions to enable
plastic-mb: KCM split 33398 KC->MBON pairs (lr=-1e-06)
mbon-dan-gain: MBMD split 593 MBON->DAN pairs from CEN_C (gain=5; 349 inhib (x4 driving-force) / 244 exc; DAN_err compartment = 207 cells)
dan-gate: monitoring DAN_err compartment (207 cells) -> 207 neurons, tau=150 ms, gain=0.05, t_ref=400 ms
thought-experiment scale x202 (nominal x400), junction pinned at the occipital pole (shift 0.0 mm, brain-margin -0 um)
scalp kernel RL: 9636 dipoles (0 s)
scalp kernel LM: 49425 dipoles (1 s)
scalp kernel MT_Mi1: 46038 dipoles (1 s)
scalp kernel MT_Tm3: 39254 dipoles (1 s)
scalp kernel MT_Mi4: 23036 dipoles (1 s)
scalp kernel MT_Mi9: 31092 dipoles (2 s)
scalp kernel MT_Tm1: 35518 dipoles (2 s)
scalp kernel MT_Tm2: 35446 dipoles (2 s)
scalp kernel MT_Tm4: 32161 dipoles (3 s)
scalp kernel MT_Tm9: 47365 dipoles (3 s)
scalp kernel OLR_V: 300000 dipoles (9 s)
scalp kernel CEN_V: 152 dipoles (9 s)
scalp kernel CEN_R: 208073 dipoles (13 s)
scalp kernel CEN_C: 300000 dipoles (19 s)
scalp kernel ORN_C: 57489 dipoles (19 s)
scalp kernel KCM: 33398 dipoles (20 s)
scalp kernel MBMD: 593 dipoles (20 s)
scalp kernel PHOTO: 3377 dipoles (20 s)
scalp kernels built (S=400, 4-sphere, 17 electrodes, 20 s)
kernel rows per group: RL=9636, LM=49425, MT_Mi1=46038, MT_Tm3=39254, MT_Mi4=23036, MT_Mi9=31092, MT_Tm1=35518, MT_Tm2=35446, MT_Tm4=32161, MT_Tm9=47365, OLR_V=300000, CEN_V=152, CEN_R=208073, CEN_C=300000, ORN_C=57489, KCM=33398, MBMD=593, PHOTO=3377
kernel cache: saved kernels-575da68bf398cd42d36a.npz (0.2 s)
visual input: dark -> 1 frames @ 60.0 fps, 3377 photoreceptors sampled
chem: CEN[KCg-m@L] -> 687 neurons (KCg-m@L), 1600 pA x 1 pulses
chem: CEN[KCg-m@R] -> 652 neurons (KCg-m@R), 1600 pA x 1 pulses
chem: CEN[DAN_err] -> 207 neurons (DAN_err), 800 pA x 1 pulses
chem: CEN[KCg-m@L] -> 687 neurons (KCg-m@L), 1600 pA x 1 pulses
chem: CEN[KCg-m@R] -> 652 neurons (KCg-m@R), 1600 pA x 1 pulses
chem calibration: CEN_C recurrence gain -> 0.002 (chem-run working point, exp019)
simulating 5.0 s ...
GPU forward buffers: 256 records, 1367 MB on device
dan-gate: baseline r0 = 0.00 Hz
plastic result KCM: w_scale mean 0.3518 min 0.1000 floor-hit 0/33398 | elig max 76.5094
dan-gate: trace 10000 steps -> D:\Dav\CodeHub\Agent\male-fruit-fly-brain-map\bci\dangate\outputs\_trial_pilot_blocked_r0_p10\_dan_trace.npy | r max 597.4 Hz, r0 0.00 Hz, mod max 1.000, mod integral 4477.8 ms
biology loop: 59 s (5000 records)
phi_scalp checksum: L2=1.517264e-01 (baseline A/B file: D:\Dav\CodeHub\Agent\male-fruit-fly-brain-map\bci\dangate\outputs\_trial_pilot_blocked_r0_p10\_debug_phi_scalp.npy)
background EEG: fly signal 491.36 uV vs bg 11.33 uV at 156 deg -> d'=2 needs ~1 trials (band 2-20 Hz: ~1)
stim view frames: D:\Dav\CodeHub\Agent\male-fruit-fly-brain-map\bci\dangate\outputs\_trial_pilot_blocked_r0_p10\stim_frames.bin (0.0 MB)
wrote D:\Dav\CodeHub\Agent\male-fruit-fly-brain-map\bci\dangate\outputs\_trial_pilot_blocked_r0_p10\viz_data.json (5.0 MB)
[acquire] pilot_blocked_r0_p11: D:\Dav\CodeHub\Agent\male-fruit-fly-brain-map\viz\export_data.py --regions visual_bilateral,ol_rest,central_brain,olfactory --visual-input dark --chem-input dangateA --plastic-mb --plastic-lr=-1e-6 --plastic-w0 0.1 --plastic-kcm-gain 30 --mbon-dan-gain 5 --plastic-dan-gate 150,0.05,400 --t-end 5000.0 --seed 943 --out D:\Dav\CodeHub\Agent\male-fruit-fly-brain-map\bci\dangate\outputs\_trial_pilot_blocked_r0_p11 --gpu --plastic-state-out D:\Dav\CodeHub\Agent\male-fruit-fly-brain-map\bci\dangate\outputs\states\pilot_blocked_r0_p11.npz --plastic-state-in D:\Dav\CodeHub\Agent\male-fruit-fly-brain-map\bci\dangate\outputs\states\pilot_blocked_r0_p10.npz
circuit cache: HIT circuit-693698e48fa257ee3380.npz (0.8 s)
regions: ON  = visual_bilateral, ol_rest, central_brain, olfactory
regions: OFF = audition, gustatory, proprioception, thermal, touch, vnc, vpn_central   <-- pass --regions to enable
plastic-mb: KCM split 33398 KC->MBON pairs (lr=-1e-06)
mbon-dan-gain: MBMD split 593 MBON->DAN pairs from CEN_C (gain=5; 349 inhib (x4 driving-force) / 244 exc; DAN_err compartment = 207 cells)
dan-gate: monitoring DAN_err compartment (207 cells) -> 207 neurons, tau=150 ms, gain=0.05, t_ref=400 ms
kernel cache: HIT kernels-575da68bf398cd42d36a.npz (0.1 s)
visual input: dark -> 1 frames @ 60.0 fps, 3377 photoreceptors sampled
chem: CEN[KCg-m@L] -> 687 neurons (KCg-m@L), 1600 pA x 1 pulses
chem: CEN[KCg-m@R] -> 652 neurons (KCg-m@R), 1600 pA x 1 pulses
chem: CEN[DAN_err] -> 207 neurons (DAN_err), 800 pA x 1 pulses
chem: CEN[KCg-m@L] -> 687 neurons (KCg-m@L), 1600 pA x 1 pulses
chem: CEN[KCg-m@R] -> 652 neurons (KCg-m@R), 1600 pA x 1 pulses
chem calibration: CEN_C recurrence gain -> 0.002 (chem-run working point, exp019)
simulating 5.0 s ...
plastic state IN KCM: w mean 0.3518 min 0.1000
GPU forward buffers: 256 records, 1367 MB on device
dan-gate: baseline r0 = 16.11 Hz
plastic result KCM: w_scale mean 0.4754 min 0.1000 floor-hit 0/33398 | elig max 76.6416
dan-gate: trace 10000 steps -> D:\Dav\CodeHub\Agent\male-fruit-fly-brain-map\bci\dangate\outputs\_trial_pilot_blocked_r0_p11\_dan_trace.npy | r max 601.4 Hz, r0 16.11 Hz, mod max 1.000, mod integral 4494.0 ms
biology loop: 56 s (5000 records)
phi_scalp checksum: L2=3.528620e-01 (baseline A/B file: D:\Dav\CodeHub\Agent\male-fruit-fly-brain-map\bci\dangate\outputs\_trial_pilot_blocked_r0_p11\_debug_phi_scalp.npy)
background EEG: fly signal 1054.02 uV vs bg 11.33 uV at 156 deg -> d'=2 needs ~1 trials (band 2-20 Hz: ~1)
stim view frames: D:\Dav\CodeHub\Agent\male-fruit-fly-brain-map\bci\dangate\outputs\_trial_pilot_blocked_r0_p11\stim_frames.bin (0.0 MB)
wrote D:\Dav\CodeHub\Agent\male-fruit-fly-brain-map\bci\dangate\outputs\_trial_pilot_blocked_r0_p11\viz_data.json (5.1 MB)
[acquire] pilot_blocked_r0_p20: D:\Dav\CodeHub\Agent\male-fruit-fly-brain-map\viz\export_data.py --regions visual_bilateral,ol_rest,central_brain,olfactory --visual-input dark --chem-input dangateAB --plastic-mb --plastic-lr=-1e-6 --plastic-w0 0.1 --plastic-kcm-gain 30 --mbon-dan-gain 5 --plastic-dan-gate 150,0.05,400 --t-end 5000.0 --seed 942 --out D:\Dav\CodeHub\Agent\male-fruit-fly-brain-map\bci\dangate\outputs\_trial_pilot_blocked_r0_p20 --gpu --plastic-state-out D:\Dav\CodeHub\Agent\male-fruit-fly-brain-map\bci\dangate\outputs\states\pilot_blocked_r0_p20.npz --plastic-state-in D:\Dav\CodeHub\Agent\male-fruit-fly-brain-map\bci\dangate\outputs\states\pilot_blocked_r0_p11.npz
circuit cache: HIT circuit-693698e48fa257ee3380.npz (0.8 s)
regions: ON  = visual_bilateral, ol_rest, central_brain, olfactory
regions: OFF = audition, gustatory, proprioception, thermal, touch, vnc, vpn_central   <-- pass --regions to enable
plastic-mb: KCM split 33398 KC->MBON pairs (lr=-1e-06)
mbon-dan-gain: MBMD split 593 MBON->DAN pairs from CEN_C (gain=5; 349 inhib (x4 driving-force) / 244 exc; DAN_err compartment = 207 cells)
dan-gate: monitoring DAN_err compartment (207 cells) -> 207 neurons, tau=150 ms, gain=0.05, t_ref=400 ms
kernel cache: HIT kernels-575da68bf398cd42d36a.npz (0.1 s)
visual input: dark -> 1 frames @ 60.0 fps, 3377 photoreceptors sampled
chem: CEN[KCg-m@L] -> 687 neurons (KCg-m@L), 1600 pA x 1 pulses
chem: CEN[KCg-m@R] -> 652 neurons (KCg-m@R), 1600 pA x 1 pulses
chem: CEN[DAN_err] -> 207 neurons (DAN_err), 800 pA x 1 pulses
chem: CEN[KCab-m@L] -> 307 neurons (KCab-m@L), 1600 pA x 1 pulses
chem: CEN[KCab-m@R] -> 223 neurons (KCab-m@R), 1600 pA x 1 pulses
chem: CEN[KCab-m@L] -> 307 neurons (KCab-m@L), 1600 pA x 1 pulses
chem: CEN[KCab-m@R] -> 223 neurons (KCab-m@R), 1600 pA x 1 pulses
chem calibration: CEN_C recurrence gain -> 0.002 (chem-run working point, exp019)
simulating 5.0 s ...
plastic state IN KCM: w mean 0.4754 min 0.1000
GPU forward buffers: 256 records, 1367 MB on device
dan-gate: baseline r0 = 0.00 Hz
plastic result KCM: w_scale mean 0.5589 min 0.1000 floor-hit 0/33398 | elig max 70.2120
dan-gate: trace 10000 steps -> D:\Dav\CodeHub\Agent\male-fruit-fly-brain-map\bci\dangate\outputs\_trial_pilot_blocked_r0_p20\_dan_trace.npy | r max 604.4 Hz, r0 0.00 Hz, mod max 1.000, mod integral 4480.0 ms
biology loop: 54 s (5000 records)
phi_scalp checksum: L2=3.739966e-01 (baseline A/B file: D:\Dav\CodeHub\Agent\male-fruit-fly-brain-map\bci\dangate\outputs\_trial_pilot_blocked_r0_p20\_debug_phi_scalp.npy)
background EEG: fly signal 1098.91 uV vs bg 11.33 uV at 156 deg -> d'=2 needs ~1 trials (band 2-20 Hz: ~1)
stim view frames: D:\Dav\CodeHub\Agent\male-fruit-fly-brain-map\bci\dangate\outputs\_trial_pilot_blocked_r0_p20\stim_frames.bin (0.0 MB)
wrote D:\Dav\CodeHub\Agent\male-fruit-fly-brain-map\bci\dangate\outputs\_trial_pilot_blocked_r0_p20\viz_data.json (5.1 MB)
[acquire] pilot_blocked_r0_p21: D:\Dav\CodeHub\Agent\male-fruit-fly-brain-map\viz\export_data.py --regions visual_bilateral,ol_rest,central_brain,olfactory --visual-input dark --chem-input dangateAB --plastic-mb --plastic-lr=-1e-6 --plastic-w0 0.1 --plastic-kcm-gain 30 --mbon-dan-gain 5 --plastic-dan-gate 150,0.05,400 --t-end 5000.0 --seed 943 --out D:\Dav\CodeHub\Agent\male-fruit-fly-brain-map\bci\dangate\outputs\_trial_pilot_blocked_r0_p21 --gpu --plastic-state-out D:\Dav\CodeHub\Agent\male-fruit-fly-brain-map\bci\dangate\outputs\states\pilot_blocked_r0_p21.npz --plastic-state-in D:\Dav\CodeHub\Agent\male-fruit-fly-brain-map\bci\dangate\outputs\states\pilot_blocked_r0_p20.npz
circuit cache: HIT circuit-693698e48fa257ee3380.npz (0.8 s)
regions: ON  = visual_bilateral, ol_rest, central_brain, olfactory
regions: OFF = audition, gustatory, proprioception, thermal, touch, vnc, vpn_central   <-- pass --regions to enable
plastic-mb: KCM split 33398 KC->MBON pairs (lr=-1e-06)
mbon-dan-gain: MBMD split 593 MBON->DAN pairs from CEN_C (gain=5; 349 inhib (x4 driving-force) / 244 exc; DAN_err compartment = 207 cells)
dan-gate: monitoring DAN_err compartment (207 cells) -> 207 neurons, tau=150 ms, gain=0.05, t_ref=400 ms
kernel cache: HIT kernels-575da68bf398cd42d36a.npz (0.1 s)
visual input: dark -> 1 frames @ 60.0 fps, 3377 photoreceptors sampled
chem: CEN[KCg-m@L] -> 687 neurons (KCg-m@L), 1600 pA x 1 pulses
chem: CEN[KCg-m@R] -> 652 neurons (KCg-m@R), 1600 pA x 1 pulses
chem: CEN[DAN_err] -> 207 neurons (DAN_err), 800 pA x 1 pulses
chem: CEN[KCab-m@L] -> 307 neurons (KCab-m@L), 1600 pA x 1 pulses
chem: CEN[KCab-m@R] -> 223 neurons (KCab-m@R), 1600 pA x 1 pulses
chem: CEN[KCab-m@L] -> 307 neurons (KCab-m@L), 1600 pA x 1 pulses
chem: CEN[KCab-m@R] -> 223 neurons (KCab-m@R), 1600 pA x 1 pulses
chem calibration: CEN_C recurrence gain -> 0.002 (chem-run working point, exp019)
simulating 5.0 s ...
plastic state IN KCM: w mean 0.5589 min 0.1000
GPU forward buffers: 256 records, 1367 MB on device
dan-gate: baseline r0 = 18.52 Hz
plastic result KCM: w_scale mean 0.6087 min 0.1000 floor-hit 0/33398 | elig max 71.0869
dan-gate: trace 10000 steps -> D:\Dav\CodeHub\Agent\male-fruit-fly-brain-map\bci\dangate\outputs\_trial_pilot_blocked_r0_p21\_dan_trace.npy | r max 607.7 Hz, r0 18.52 Hz, mod max 1.000, mod integral 4484.1 ms
biology loop: 55 s (5000 records)
phi_scalp checksum: L2=4.130335e-01 (baseline A/B file: D:\Dav\CodeHub\Agent\male-fruit-fly-brain-map\bci\dangate\outputs\_trial_pilot_blocked_r0_p21\_debug_phi_scalp.npy)
background EEG: fly signal 1201.19 uV vs bg 11.33 uV at 156 deg -> d'=2 needs ~1 trials (band 2-20 Hz: ~1)
stim view frames: D:\Dav\CodeHub\Agent\male-fruit-fly-brain-map\bci\dangate\outputs\_trial_pilot_blocked_r0_p21\stim_frames.bin (0.0 MB)
wrote D:\Dav\CodeHub\Agent\male-fruit-fly-brain-map\bci\dangate\outputs\_trial_pilot_blocked_r0_p21\viz_data.json (5.1 MB)
[acquire] pilot_blocked_r0_p22: D:\Dav\CodeHub\Agent\male-fruit-fly-brain-map\viz\export_data.py --regions visual_bilateral,ol_rest,central_brain,olfactory --visual-input dark --chem-input dangateAB --plastic-mb --plastic-lr=-1e-6 --plastic-w0 0.1 --plastic-kcm-gain 30 --mbon-dan-gain 5 --plastic-dan-gate 150,0.05,400 --t-end 5000.0 --seed 944 --out D:\Dav\CodeHub\Agent\male-fruit-fly-brain-map\bci\dangate\outputs\_trial_pilot_blocked_r0_p22 --gpu --plastic-state-out D:\Dav\CodeHub\Agent\male-fruit-fly-brain-map\bci\dangate\outputs\states\pilot_blocked_r0_p22.npz --plastic-state-in D:\Dav\CodeHub\Agent\male-fruit-fly-brain-map\bci\dangate\outputs\states\pilot_blocked_r0_p21.npz
circuit cache: HIT circuit-693698e48fa257ee3380.npz (0.8 s)
regions: ON  = visual_bilateral, ol_rest, central_brain, olfactory
regions: OFF = audition, gustatory, proprioception, thermal, touch, vnc, vpn_central   <-- pass --regions to enable
plastic-mb: KCM split 33398 KC->MBON pairs (lr=-1e-06)
mbon-dan-gain: MBMD split 593 MBON->DAN pairs from CEN_C (gain=5; 349 inhib (x4 driving-force) / 244 exc; DAN_err compartment = 207 cells)
dan-gate: monitoring DAN_err compartment (207 cells) -> 207 neurons, tau=150 ms, gain=0.05, t_ref=400 ms
kernel cache: HIT kernels-575da68bf398cd42d36a.npz (0.1 s)
visual input: dark -> 1 frames @ 60.0 fps, 3377 photoreceptors sampled
chem: CEN[KCg-m@L] -> 687 neurons (KCg-m@L), 1600 pA x 1 pulses
chem: CEN[KCg-m@R] -> 652 neurons (KCg-m@R), 1600 pA x 1 pulses
chem: CEN[DAN_err] -> 207 neurons (DAN_err), 800 pA x 1 pulses
chem: CEN[KCab-m@L] -> 307 neurons (KCab-m@L), 1600 pA x 1 pulses
chem: CEN[KCab-m@R] -> 223 neurons (KCab-m@R), 1600 pA x 1 pulses
chem: CEN[KCab-m@L] -> 307 neurons (KCab-m@L), 1600 pA x 1 pulses
chem: CEN[KCab-m@R] -> 223 neurons (KCab-m@R), 1600 pA x 1 pulses
chem calibration: CEN_C recurrence gain -> 0.002 (chem-run working point, exp019)
simulating 5.0 s ...
plastic state IN KCM: w mean 0.6087 min 0.1000
GPU forward buffers: 256 records, 1367 MB on device
dan-gate: baseline r0 = 0.00 Hz
plastic result KCM: w_scale mean 0.6283 min 0.1000 floor-hit 0/33398 | elig max 71.0849
dan-gate: trace 10000 steps -> D:\Dav\CodeHub\Agent\male-fruit-fly-brain-map\bci\dangate\outputs\_trial_pilot_blocked_r0_p22\_dan_trace.npy | r max 610.8 Hz, r0 0.00 Hz, mod max 1.000, mod integral 4481.3 ms
biology loop: 56 s (5000 records)
phi_scalp checksum: L2=4.230259e-01 (baseline A/B file: D:\Dav\CodeHub\Agent\male-fruit-fly-brain-map\bci\dangate\outputs\_trial_pilot_blocked_r0_p22\_debug_phi_scalp.npy)
background EEG: fly signal 1209.94 uV vs bg 11.33 uV at 156 deg -> d'=2 needs ~1 trials (band 2-20 Hz: ~1)
stim view frames: D:\Dav\CodeHub\Agent\male-fruit-fly-brain-map\bci\dangate\outputs\_trial_pilot_blocked_r0_p22\stim_frames.bin (0.0 MB)
wrote D:\Dav\CodeHub\Agent\male-fruit-fly-brain-map\bci\dangate\outputs\_trial_pilot_blocked_r0_p22\viz_data.json (5.1 MB)
[acquire] done -> D:\Dav\CodeHub\Agent\male-fruit-fly-brain-map\bci\dangate\outputs
